Archive member included because of file (symbol)

contiki-z1.a(rimeaddr.o)      obj_z1/contiki-z1-main.o (rimeaddr_copy)
contiki-z1.a(rime.o)          obj_z1/contiki-z1-main.o (rime_driver)
contiki-z1.a(announcement.o)  contiki-z1.a(rime.o) (announcement_init)
contiki-z1.a(broadcast-annou)
                              contiki-z1.a(rime.o) (broadcast_announcement_init)
contiki-z1.a(broadcast.o)     root-sensor-network.co (broadcast_open)
contiki-z1.a(runicast.o)      root-sensor-network.co (runicast_open)
contiki-z1.a(abc.o)           contiki-z1.a(broadcast.o) (abc_open)
contiki-z1.a(chameleon.o)     contiki-z1.a(rime.o) (chameleon_init)
contiki-z1.a(channel.o)       contiki-z1.a(chameleon.o) (channel_init)
contiki-z1.a(chameleon-bitop)
                              contiki-z1.a(chameleon.o) (chameleon_bitopt)
contiki-z1.a(csma.o)          obj_z1/contiki-z1-main.o (csma_driver)
contiki-z1.a(contikimac.o)    obj_z1/contiki-z1-main.o (contikimac_driver)
contiki-z1.a(phase.o)         contiki-z1.a(contikimac.o) (phase_update)
contiki-z1.a(process.o)       obj_z1/contiki-z1-main.o (process_init)
contiki-z1.a(autostart.o)     obj_z1/contiki-z1-main.o (autostart_start)
contiki-z1.a(compower.o)      contiki-z1.a(contikimac.o) (compower_idle_activity)
contiki-z1.a(serial-line.o)   obj_z1/contiki-z1-main.o (serial_line_input_byte)
contiki-z1.a(memb.o)          contiki-z1.a(csma.o) (memb_init)
contiki-z1.a(timer.o)         contiki-z1.a(phase.o) (timer_set)
contiki-z1.a(list.o)          contiki-z1.a(announcement.o) (list_init)
contiki-z1.a(etimer.o)        obj_z1/contiki-z1-main.o (etimer_process)
contiki-z1.a(ctimer.o)        obj_z1/contiki-z1-main.o (ctimer_init)
contiki-z1.a(energest.o)      obj_z1/contiki-z1-main.o (energest_init)
contiki-z1.a(rtimer.o)        obj_z1/contiki-z1-main.o (rtimer_init)
contiki-z1.a(random.o)        contiki-z1.a(broadcast-annou) (random_rand)
contiki-z1.a(ringbuf.o)       contiki-z1.a(serial-line.o) (ringbuf_init)
contiki-z1.a(nbr-table.o)     contiki-z1.a(phase.o) (nbr_table_register)
contiki-z1.a(packetbuf.o)     contiki-z1.a(contikimac.o) (packetbuf_hdr_remove)
contiki-z1.a(queuebuf.o)      contiki-z1.a(rime.o) (queuebuf_init)
contiki-z1.a(contiki-z1-plat)
                              obj_z1/contiki-z1-main.o (init_platform)
contiki-z1.a(msp430.o)        obj_z1/contiki-z1-main.o (msp430_cpu_init)
contiki-z1.a(leds.o)          obj_z1/contiki-z1-main.o (leds_init)
contiki-z1.a(watchdog.o)      obj_z1/contiki-z1-main.o (watchdog_start)
contiki-z1.a(xmem.o)          obj_z1/contiki-z1-main.o (xmem_init)
contiki-z1.a(spi.o)           contiki-z1.a(xmem.o) (spi_init)
contiki-z1.a(cc2420.o)        obj_z1/contiki-z1-main.o (cc2420_set_pan_addr)
contiki-z1.a(cc2420-arch.o)   contiki-z1.a(cc2420.o) (cc2420_arch_init)
contiki-z1.a(node-id.o)       obj_z1/contiki-z1-main.o (node_id_restore)
contiki-z1.a(sensors.o)       contiki-z1.a(contiki-z1-plat) (sensors_process)
contiki-z1.a(button-sensor.o)
                              obj_z1/contiki-z1-main.o (button_sensor)
contiki-z1.a(uart0.o)         obj_z1/contiki-z1-main.o (uart0_active)
contiki-z1.a(uart0-putchar.o)
                              obj_z1/contiki-z1-main.o (putchar)
contiki-z1.a(adxl345.o)       obj_z1/contiki-z1-main.o (accm_init)
contiki-z1.a(clock.o)         contiki-z1.a(timer.o) (clock_time)
contiki-z1.a(leds-arch.o)     contiki-z1.a(leds.o) (leds_arch_init)
contiki-z1.a(rtimer-arch.o)   contiki-z1.a(rtimer.o) (rtimer_arch_init)
contiki-z1.a(stunicast.o)     contiki-z1.a(runicast.o) (stunicast_open)
contiki-z1.a(mac.o)           contiki-z1.a(csma.o) (mac_call_sent_callback)
contiki-z1.a(framer-802154.o)
                              contiki-z1.a(contikimac.o) (framer_802154)
contiki-z1.a(i2cmaster.o)     contiki-z1.a(adxl345.o) (i2c_receiveinit)
contiki-z1.a(unicast.o)       contiki-z1.a(stunicast.o) (unicast_open)
contiki-z1.a(frame802154.o)   contiki-z1.a(framer-802154.o) (frame802154_hdrlen)
/usr/local/msp430/bin/../lib/gcc/msp430/4.7.0/mcpu-430x/mmpy-16/libgcc.a(_mulsi3.o)
                              contiki-z1.a(csma.o) (__mulsi3)
/usr/local/msp430/bin/../lib/gcc/msp430/4.7.0/mcpu-430x/mmpy-16/libgcc.a(_udivmod16.o)
                              contiki-z1.a(phase.o) (__umodhi3)
/usr/local/msp430/bin/../lib/gcc/msp430/4.7.0/mcpu-430x/mmpy-16/libgcc.a(_divmod16.o)
                              contiki-z1.a(nbr-table.o) (__divhi3)
/usr/local/msp430/bin/../lib/gcc/msp430/4.7.0/mcpu-430x/mmpy-16/libgcc.a(_udivmod32.o)
                              obj_z1/contiki-z1-main.o (__udivsi3)
/usr/local/msp430/bin/../lib/gcc/msp430/4.7.0/../../../../msp430/lib/mcpu-430x/mmpy-16/libc.a(printf.o)
                              root-sensor-network.co (printf)
/usr/local/msp430/bin/../lib/gcc/msp430/4.7.0/../../../../msp430/lib/mcpu-430x/mmpy-16/libc.a(vuprintf.o)
                              /usr/local/msp430/bin/../lib/gcc/msp430/4.7.0/../../../../msp430/lib/mcpu-430x/mmpy-16/libc.a(printf.o) (vuprintf)
[...]
Memory Configuration

Name             Origin             Length             Attributes
sfr              0x00000000         0x00000010
peripheral_8bit  0x00000010         0x000000f0
peripheral_16bit 0x00000100         0x00000100
ram_mirror       0x00000200         0x00000800         xw
infomem          0x00001000         0x00000100
infod            0x00001000         0x00000040
infoc            0x00001040         0x00000040
infob            0x00001080         0x00000040
infoa            0x000010c0         0x00000040
ram              0x00001100         0x00002000         xw
rom              0x00003100         0x0000cebe         xr
vectors          0x0000ffc0         0x00000040
far_rom          0x00010000         0x0000a000
bsl              0x00000000         0x00000000
ram2             0x00000000         0x00000000         xw
usbram           0x00000000         0x00000000         xw
*default*        0x00000000         0xffffffff

Linker script and memory map

LOAD /usr/local/msp430/bin/../lib/gcc/msp430/4.7.0/mcpu-430x/mmpy-16/crt0ivtbl32.o
                0x00000041                __P1SEL2 = 0x41
                0x00000045                __P5SEL2 = 0x45
LOAD root-sensor-network.co
LOAD obj_z1/contiki-z1-main.o
LOAD contiki-z1.a
LOAD /usr/local/msp430/bin/../lib/gcc/msp430/4.7.0/mcpu-430x/mmpy-16/libgcc.a
LOAD /usr/local/msp430/bin/../lib/gcc/msp430/4.7.0/../../../../msp430/lib/mcpu-430x/mmpy-16/libc.a
LOAD /usr/local/msp430/bin/../lib/gcc/msp430/4.7.0/mcpu-430x/mmpy-16/libgcc.a
LOAD /usr/local/msp430/bin/../lib/gcc/msp430/4.7.0/mcpu-430x/mmpy-16/libcrt0.a
                0x00000040                PROVIDE (__info_segment_size, 0x40)
                0x00001000                PROVIDE (__infod, 0x1000)
                0x00001040                PROVIDE (__infoc, 0x1040)
                0x00001080                PROVIDE (__infob, 0x1080)
                0x000010c0                PROVIDE (__infoa, 0x10c0)
                0x00000000                __IE1 = 0x0
                0x00000002                __IFG1 = 0x2
                0x00000001                __IE2 = 0x1
                0x00000003                __IFG2 = 0x3
                0x00000006                __UC1IE = 0x6
                0x00000007                __UC1IFG = 0x7
                0x000001a0                __ADC12CTL0 = 0x1a0
                0x000001a2                __ADC12CTL1 = 0x1a2
                0x000001a4                __ADC12IFG = 0x1a4
                0x000001a6                __ADC12IE = 0x1a6
                0x000001a8                __ADC12IV = 0x1a8
                0x00000140                __ADC12MEM0 = 0x140
                0x00000142                __ADC12MEM1 = 0x142
                0x00000144                __ADC12MEM2 = 0x144
                0x00000146                __ADC12MEM3 = 0x146
                0x00000148                __ADC12MEM4 = 0x148
                0x0000014a                __ADC12MEM5 = 0x14a
                0x0000014c                __ADC12MEM6 = 0x14c
                0x0000014e                __ADC12MEM7 = 0x14e
                0x00000150                __ADC12MEM8 = 0x150
                0x00000152                __ADC12MEM9 = 0x152
                0x00000154                __ADC12MEM10 = 0x154
                0x00000156                __ADC12MEM11 = 0x156
                0x00000158                __ADC12MEM12 = 0x158
                0x0000015a                __ADC12MEM13 = 0x15a
                0x0000015c                __ADC12MEM14 = 0x15c
                0x0000015e                __ADC12MEM15 = 0x15e
                0x00000080                __ADC12MCTL0 = 0x80
                0x00000081                __ADC12MCTL1 = 0x81
                0x00000082                __ADC12MCTL2 = 0x82
                0x00000083                __ADC12MCTL3 = 0x83
                0x00000084                __ADC12MCTL4 = 0x84
                0x00000085                __ADC12MCTL5 = 0x85
                0x00000086                __ADC12MCTL6 = 0x86
                0x00000087                __ADC12MCTL7 = 0x87
                0x00000088                __ADC12MCTL8 = 0x88
                0x00000089                __ADC12MCTL9 = 0x89
                0x0000008a                __ADC12MCTL10 = 0x8a
                0x0000008b                __ADC12MCTL11 = 0x8b
                0x0000008c                __ADC12MCTL12 = 0x8c
                0x0000008d                __ADC12MCTL13 = 0x8d
                0x0000008e                __ADC12MCTL14 = 0x8e
                0x0000008f                __ADC12MCTL15 = 0x8f
                0x00000056                __DCOCTL = 0x56
                0x00000057                __BCSCTL1 = 0x57
                0x00000058                __BCSCTL2 = 0x58
                0x00000053                __BCSCTL3 = 0x53
                0x00000059                __CACTL1 = 0x59
                0x0000005a                __CACTL2 = 0x5a
                0x0000005b                __CAPD = 0x5b
                0x000001c0                __DAC12_0CTL = 0x1c0
                0x000001c2                __DAC12_1CTL = 0x1c2
                0x000001c8                __DAC12_0DAT = 0x1c8
                0x000001ca                __DAC12_1DAT = 0x1ca
                0x00000122                __DMACTL0 = 0x122
                0x00000124                __DMACTL1 = 0x124
                0x00000126                __DMAIV = 0x126
                0x000001d0                __DMA0CTL = 0x1d0
                0x000001dc                __DMA1CTL = 0x1dc
                0x000001e8                __DMA2CTL = 0x1e8
                0x000001d2                __DMA0SA = 0x1d2
                0x000001d2                __DMA0SAL = 0x1d2
                0x000001d6                __DMA0DA = 0x1d6
                0x000001d6                __DMA0DAL = 0x1d6
                0x000001da                __DMA0SZ = 0x1da
                0x000001de                __DMA1SA = 0x1de
                0x000001de                __DMA1SAL = 0x1de
                0x000001e2                __DMA1DA = 0x1e2
                0x000001e2                __DMA1DAL = 0x1e2
                0x000001e6                __DMA1SZ = 0x1e6
                0x000001ea                __DMA2SA = 0x1ea
                0x000001ea                __DMA2SAL = 0x1ea
                0x000001ee                __DMA2DA = 0x1ee
                0x000001ee                __DMA2DAL = 0x1ee
                0x000001f2                __DMA2SZ = 0x1f2
                0x00000128                __FCTL1 = 0x128
                0x0000012a                __FCTL2 = 0x12a
                0x0000012c                __FCTL3 = 0x12c
                0x000001be                __FCTL4 = 0x1be
                0x00000130                __MPY = 0x130
                0x00000132                __MPYS = 0x132
                0x00000134                __MAC = 0x134
                0x00000136                __MACS = 0x136
                0x00000138                __OP2 = 0x138
                0x0000013a                __RESLO = 0x13a
                0x0000013c                __RESHI = 0x13c
                0x0000013e                __SUMEXT = 0x13e
                0x00000020                __P1IN = 0x20
                0x00000021                __P1OUT = 0x21
                0x00000022                __P1DIR = 0x22
                0x00000023                __P1IFG = 0x23
                0x00000024                __P1IES = 0x24
                0x00000025                __P1IE = 0x25
                0x00000026                __P1SEL = 0x26
                0x00000027                __P1REN = 0x27
                0x00000028                __P2IN = 0x28
                0x00000029                __P2OUT = 0x29
                0x0000002a                __P2DIR = 0x2a
                0x0000002b                __P2IFG = 0x2b
                0x0000002c                __P2IES = 0x2c
                0x0000002d                __P2IE = 0x2d
                0x0000002e                __P2SEL = 0x2e
                0x0000002f                __P2REN = 0x2f
                0x00000018                __P3IN = 0x18
                0x00000019                __P3OUT = 0x19
                0x0000001a                __P3DIR = 0x1a
                0x0000001b                __P3SEL = 0x1b
                0x00000010                __P3REN = 0x10
                0x0000001c                __P4IN = 0x1c
                0x0000001d                __P4OUT = 0x1d
                0x0000001e                __P4DIR = 0x1e
                0x0000001f                __P4SEL = 0x1f
                0x00000011                __P4REN = 0x11
                0x00000030                __P5IN = 0x30
                0x00000031                __P5OUT = 0x31
                0x00000032                __P5DIR = 0x32
                0x00000033                __P5SEL = 0x33
                0x00000012                __P5REN = 0x12
                0x00000034                __P6IN = 0x34
                0x00000035                __P6OUT = 0x35
                0x00000036                __P6DIR = 0x36
                0x00000037                __P6SEL = 0x37
                0x00000013                __P6REN = 0x13
                0x00000038                __P7IN = 0x38
                0x0000003a                __P7OUT = 0x3a
                0x0000003c                __P7DIR = 0x3c
                0x0000003e                __P7SEL = 0x3e
                0x00000014                __P7REN = 0x14
                0x00000039                __P8IN = 0x39
                0x0000003b                __P8OUT = 0x3b
                0x0000003d                __P8DIR = 0x3d
                0x0000003f                __P8SEL = 0x3f
                0x00000015                __P8REN = 0x15
                0x00000038                __PAIN = 0x38
                0x0000003a                __PAOUT = 0x3a
                0x0000003c                __PADIR = 0x3c
                0x0000003e                __PASEL = 0x3e
                0x00000014                __PAREN = 0x14
                0x00000055                __SVSCTL = 0x55
                0x0000012e                __TAIV = 0x12e
                0x00000160                __TACTL = 0x160
                0x00000162                __TACCTL0 = 0x162
                0x00000164                __TACCTL1 = 0x164
                0x00000166                __TACCTL2 = 0x166
                0x00000170                __TAR = 0x170
                0x00000172                __TACCR0 = 0x172
                0x00000174                __TACCR1 = 0x174
                0x00000176                __TACCR2 = 0x176
                0x0000011e                __TBIV = 0x11e
                0x00000180                __TBCTL = 0x180
                0x00000182                __TBCCTL0 = 0x182
                0x00000184                __TBCCTL1 = 0x184
                0x00000186                __TBCCTL2 = 0x186
                0x00000188                __TBCCTL3 = 0x188
                0x0000018a                __TBCCTL4 = 0x18a
                0x0000018c                __TBCCTL5 = 0x18c
                0x0000018e                __TBCCTL6 = 0x18e
                0x00000190                __TBR = 0x190
                0x00000192                __TBCCR0 = 0x192
                0x00000194                __TBCCR1 = 0x194
                0x00000196                __TBCCR2 = 0x196
                0x00000198                __TBCCR3 = 0x198
                0x0000019a                __TBCCR4 = 0x19a
                0x0000019c                __TBCCR5 = 0x19c
                0x0000019e                __TBCCR6 = 0x19e
                0x00000060                __UCA0CTL0 = 0x60
                0x00000061                __UCA0CTL1 = 0x61
                0x00000062                __UCA0BR0 = 0x62
                0x00000063                __UCA0BR1 = 0x63
                0x00000064                __UCA0MCTL = 0x64
                0x00000065                __UCA0STAT = 0x65
                0x00000066                __UCA0RXBUF = 0x66
                0x00000067                __UCA0TXBUF = 0x67
                0x0000005d                __UCA0ABCTL = 0x5d
                0x0000005e                __UCA0IRTCTL = 0x5e
                0x0000005f                __UCA0IRRCTL = 0x5f
                0x00000068                __UCB0CTL0 = 0x68
                0x00000069                __UCB0CTL1 = 0x69
                0x0000006a                __UCB0BR0 = 0x6a
                0x0000006b                __UCB0BR1 = 0x6b
                0x0000006c                __UCB0I2CIE = 0x6c
                0x0000006d                __UCB0STAT = 0x6d
                0x0000006e                __UCB0RXBUF = 0x6e
                0x0000006f                __UCB0TXBUF = 0x6f
                0x00000118                __UCB0I2COA = 0x118
                0x0000011a                __UCB0I2CSA = 0x11a
                0x000000d0                __UCA1CTL0 = 0xd0
                0x000000d1                __UCA1CTL1 = 0xd1
                0x000000d2                __UCA1BR0 = 0xd2
                0x000000d3                __UCA1BR1 = 0xd3
                0x000000d4                __UCA1MCTL = 0xd4
                0x000000d5                __UCA1STAT = 0xd5
                0x000000d6                __UCA1RXBUF = 0xd6
                0x000000d7                __UCA1TXBUF = 0xd7
                0x000000cd                __UCA1ABCTL = 0xcd
                0x000000ce                __UCA1IRTCTL = 0xce
                0x000000cf                __UCA1IRRCTL = 0xcf
                0x000000d8                __UCB1CTL0 = 0xd8
                0x000000d9                __UCB1CTL1 = 0xd9
                0x000000da                __UCB1BR0 = 0xda
                0x000000db                __UCB1BR1 = 0xdb
                0x000000dc                __UCB1I2CIE = 0xdc
                0x000000dd                __UCB1STAT = 0xdd
                0x000000de                __UCB1RXBUF = 0xde
                0x000000df                __UCB1TXBUF = 0xdf
                0x0000017c                __UCB1I2COA = 0x17c
                0x0000017e                __UCB1I2CSA = 0x17e
                0x00000120                __WDTCTL = 0x120
                0x000010c0                __TLV_CHECKSUM = 0x10c0
                0x000010f6                __TLV_DCO_30_TAG = 0x10f6
                0x000010f7                __TLV_DCO_30_LEN = 0x10f7
                0x000010da                __TLV_ADC12_1_TAG = 0x10da
                0x000010db                __TLV_ADC12_1_LEN = 0x10db
                0x000010f8                __CALDCO_16MHZ = 0x10f8
                0x000010f9                __CALBC1_16MHZ = 0x10f9
                0x000010fa                __CALDCO_12MHZ = 0x10fa
                0x000010fb                __CALBC1_12MHZ = 0x10fb
                0x000010fc                __CALDCO_8MHZ = 0x10fc
                0x000010fd                __CALBC1_8MHZ = 0x10fd
                0x000010fe                __CALDCO_1MHZ = 0x10fe
                0x000010ff                __CALBC1_1MHZ = 0x10ff

.hash
 *(.hash)

.dynsym
 *(.dynsym)

.dynstr
 *(.dynstr)

.gnu.version
 *(.gnu.version)

.gnu.version_d
 *(.gnu.version_d)

.gnu.version_r
 *(.gnu.version_r)

.rel.init
 *(.rel.init)

.rela.init
 *(.rela.init)

.rel.fini
 *(.rel.fini)

.rela.fini
 *(.rela.fini)

.rel.text
 *(.rel.text .rel.text.* .rel.gnu.linkonce.t.*)

.rela.text
 *(.rela.text .rela.text.* .rela.gnu.linkonce.t.*)

.rel.rodata
 *(.rel.rodata .rel.rodata.* .rel.gnu.linkonce.r.*)

.rela.rodata
 *(.rela.rodata .rela.rodata.* .rela.gnu.linkonce.r.*)

.rel.data
 *(.rel.data .rel.data.* .rel.gnu.linkonce.d.*)

.rela.data
 *(.rela.data .rela.data.* .rela.gnu.linkonce.d.*)

.rel.bss
 *(.rel.bss .rel.bss.* .rel.gnu.linkonce.b.*)

.rela.bss
 *(.rela.bss .rela.bss.* .rela.gnu.linkonce.b.*)

.rel.ctors
 *(.rel.ctors)

.rela.ctors
 *(.rela.ctors)

.rel.dtors
 *(.rel.dtors)

.rela.dtors
 *(.rela.dtors)

.rel.got
 *(.rel.got)

.rela.got
 *(.rela.got)

.rel.plt
 *(.rel.plt)

.rela.plt
 *(.rela.plt)

.text           0x00003100     0x5bdc
                0x00003100                . = ALIGN (0x2)
 *(.init .init.*)
 *(.init0)
 .init0         0x00003100        0x0 /usr/local/msp430/bin/../lib/gcc/msp430/4.7.0/mcpu-430x/mmpy-16/libcrt0.a(_reset_vector__.o)
                0x00003100                _reset_vector__
 *(.init1)
 .init1         0x00003100        0xc /usr/local/msp430/bin/../lib/gcc/msp430/4.7.0/mcpu-430x/mmpy-16/libcrt0.a(__watchdog_support.o)
                0x00003100                __watchdog_support
 *(.init2)
 .init2         0x0000310c        0x4 /usr/local/msp430/bin/../lib/gcc/msp430/4.7.0/mcpu-430x/mmpy-16/libcrt0.a(__init_stack.o)
                0x0000310c                __init_stack
 *(.init3)
 .init3         0x00003110        0x0 /usr/local/msp430/bin/../lib/gcc/msp430/4.7.0/mcpu-430x/mmpy-16/libcrt0.a(__low_level_init.o)
                0x00003110                __low_level_init
 *(.init4)
 .init4         0x00003110       0x18 /usr/local/msp430/bin/../lib/gcc/msp430/4.7.0/mcpu-430x/mmpy-16/libcrt0.a(_copy_data.o)
                0x00003110                __do_copy_data
 .init4         0x00003128       0x16 /usr/local/msp430/bin/../lib/gcc/msp430/4.7.0/mcpu-430x/mmpy-16/libcrt0.a(_clear_bss.o)
                0x00003128                __do_clear_bss
 *(.init5)
 *(.init6)
 *(.init7)
 *(.init8)
 *(.init9)
 .init9         0x0000313e      0x2fa obj_z1/contiki-z1-main.o
                0x0000313e                main
 *(.fini9)
 .fini9         0x00003438        0x0 /usr/local/msp430/bin/../lib/gcc/msp430/4.7.0/mcpu-430x/mmpy-16/libcrt0.a(__stop_progExec__.o)
                0x00003438                __stop_progExec__
 *(.fini8)
 *(.fini7)
 *(.fini6)
 *(.fini5)
 *(.fini4)
 *(.fini3)
 *(.fini2)
 *(.fini1)
 *(.fini0)
 .fini0         0x00003438        0x6 /usr/local/msp430/bin/../lib/gcc/msp430/4.7.0/mcpu-430x/mmpy-16/libcrt0.a(_endless_loop__.o)
                0x00003438                _endless_loop__
 *(.fini .fini.*)
                0x0000343e                . = ALIGN (0x2)
                0x0000343e                __ctors_start = .
 *(.ctors)
                0x0000343e                __ctors_end = .
                0x0000343e                __dtors_start = .
 *(.dtors)
                0x0000343e                __dtors_end = .
                0x0000343e                . = ALIGN (0x2)
 *(.text .text.* .gnu.linkonce.t.*)
 .text          0x0000343e        0x4 /usr/local/msp430/bin/../lib/gcc/msp430/4.7.0/mcpu-430x/mmpy-16/crt0ivtbl32.o
                0x0000343e                __isr_14
                0x0000343e                __isr_4
                0x0000343e                __isr_29
                0x0000343e                __isr_11
                0x0000343e                __isr_5
                0x0000343e                __isr_2
                0x0000343e                __isr_10
                0x0000343e                __isr_7
                0x0000343e                __isr_0
                0x0000343e                __isr_28
                0x0000343e                __isr_8
                0x0000343e                __isr_20
                0x0000343e                __isr_3
                0x0000343e                __isr_12
                0x0000343e                __isr_13
                0x0000343e                __isr_27
                0x0000343e                __isr_9
                0x0000343e                __isr_30
                0x0000343e                __isr_6
                0x0000343e                __isr_22
                0x0000343e                __isr_1
                0x0000343e                __isr_15
                0x0000343e                __isr_21
 .text.crt0     0x00003442        0x0 /usr/local/msp430/bin/../lib/gcc/msp430/4.7.0/mcpu-430x/mmpy-16/crt0ivtbl32.o
 .text          0x00003442       0xf8 root-sensor-network.co
 .text          0x0000353a        0x6 obj_z1/contiki-z1-main.o
                0x0000353a                uip_log
 .text          0x00003540       0x2a contiki-z1.a(rimeaddr.o)
                0x00003540                rimeaddr_copy
                0x0000354c                rimeaddr_cmp
                0x0000355e                rimeaddr_set_node_addr
 .text          0x0000356a       0xd8 contiki-z1.a(rime.o)
                0x00003606                rime_sniffer_add
                0x00003612                rime_sniffer_remove
                0x0000361e                rime_output
 .text          0x00003642      0x114 contiki-z1.a(announcement.o)
                0x00003642                announcement_init
                0x0000364c                announcement_register
                0x00003686                announcement_remove
                0x00003692                announcement_remove_value
                0x000036b4                announcement_set_value
                0x000036dc                announcement_bump
                0x000036fe                announcement_listen
                0x0000370a                announcement_register_listen_callback
                0x00003710                announcement_register_observer_callback
                0x00003716                announcement_list
                0x00003720                announcement_heard
 .text          0x00003756      0x1bc contiki-z1.a(broadcast-annou)
                0x000038a2                broadcast_announcement_init
                0x000038e6                broadcast_announcement_stop
                0x00003908                broadcast_announcement_beacon_interval
 .text          0x00003912       0x78 contiki-z1.a(broadcast.o)
                0x00003948                broadcast_open
                0x0000396a                broadcast_close
                0x00003970                broadcast_send
 .text          0x0000398a      0x16a contiki-z1.a(runicast.o)
                0x00003a72                runicast_open
                0x00003aa0                runicast_close
                0x00003aa6                runicast_is_transmitting
                0x00003aac                runicast_send
 .text          0x00003af4       0x48 contiki-z1.a(abc.o)
                0x00003af4                abc_open
                0x00003b12                abc_close
                0x00003b18                abc_send
                0x00003b1e                abc_input
                0x00003b2c                abc_sent
 .text          0x00003b3c       0x38 contiki-z1.a(chameleon.o)
                0x00003b3c                chameleon_init
                0x00003b42                chameleon_parse
                0x00003b52                chameleon_create
                0x00003b6e                chameleon_hdrsize
 .text          0x00003b74       0x66 contiki-z1.a(channel.o)
                0x00003b74                channel_init
                0x00003b7e                channel_open
                0x00003b8e                channel_close
                0x00003b9a                channel_lookup
                0x00003bba                channel_set_attributes
 .text          0x00003bda      0x2ec contiki-z1.a(chameleon-bitop)
                0x00003bf0                get_bits_in_byte
                0x00003c26                get_bits
                0x00003d64                set_bits_in_byte
                0x00003d8e                set_bits
 .text          0x00003ec6      0x358 contiki-z1.a(csma.o)
 .text          0x0000421e      0x762 contiki-z1.a(contikimac.o)
                0x0000497c                contikimac_debug_print
 .text          0x00004980      0x1b8 contiki-z1.a(phase.o)
                0x000049c4                phase_update
                0x00004a4a                phase_wait
                0x00004b24                phase_init
 .text          0x00004b38      0x2a0 contiki-z1.a(process.o)
                0x00004c34                process_alloc_event
                0x00004c42                process_exit
                0x00004c4c                process_init
                0x00004c68                process_run
                0x00004d0c                process_nevents
                0x00004d1a                process_post
                0x00004d6a                process_post_synch
                0x00004d7c                process_start
                0x00004db2                process_poll
                0x00004dca                process_is_running
 .text          0x00004dd8       0x2a contiki-z1.a(autostart.o)
                0x00004dd8                autostart_start
                0x00004dee                autostart_exit
 .text          0x00004e02       0xbe contiki-z1.a(compower.o)
                0x00004e02                compower_init
                0x00004e14                compower_accumulate
                0x00004e7e                compower_clear
                0x00004e90                compower_attrconv
                0x00004ea0                compower_accumulate_attrs
 .text          0x00004ec0      0x104 contiki-z1.a(serial-line.o)
                0x00004f5e                serial_line_input_byte
                0x00004fa8                serial_line_init
 .text          0x00004fc4       0xd8 contiki-z1.a(memb.o)
                0x00004fc4                memb_init
                0x00004ffa                memb_alloc
                0x00005038                memb_free
                0x00005072                memb_inmemb
 .text          0x0000509c       0x8c contiki-z1.a(timer.o)
                0x0000509c                timer_set
                0x000050b8                timer_reset
                0x000050c6                timer_restart
                0x000050da                timer_expired
                0x00005104                timer_remaining
 .text          0x00005128       0xec contiki-z1.a(list.o)
                0x00005128                list_init
                0x0000512e                list_head
                0x00005132                list_copy
                0x00005138                list_tail
                0x0000514a                list_chop
                0x00005164                list_pop
                0x00005172                list_remove
                0x000051a6                list_push
                0x000051bc                list_add
                0x000051e2                list_length
                0x000051f2                list_insert
                0x00005208                list_item_next
 .text          0x00005214      0x258 contiki-z1.a(etimer.o)
                0x00005284                etimer_request_poll
                0x00005392                etimer_set
                0x000053a4                etimer_reset
                0x000053b6                etimer_restart
                0x000053c8                etimer_adjust
                0x000053e2                etimer_expired
                0x000053f0                etimer_expiration_time
                0x00005404                etimer_start_time
                0x0000540c                etimer_pending
                0x00005418                etimer_next_expiration_time
                0x0000542e                etimer_stop
 .text          0x0000546c      0x1ce contiki-z1.a(ctimer.o)
                0x0000550c                ctimer_init
                0x00005524                ctimer_set
                0x00005576                ctimer_reset
                0x000055ac                ctimer_restart
                0x000055e2                ctimer_stop
                0x0000560a                ctimer_expired
 .text          0x0000563a       0xaa contiki-z1.a(energest.o)
                0x0000563a                energest_init
                0x0000565e                energest_type_time
                0x0000569a                energest_leveldevice_leveltime
                0x000056a0                energest_type_set
                0x000056ac                energest_flush
 .text          0x000056e4       0x50 contiki-z1.a(rtimer.o)
                0x000056e4                rtimer_init
                0x000056ea                rtimer_set
                0x0000570e                rtimer_run_next
 .text          0x00005734        0xc contiki-z1.a(random.o)
                0x00005734                random_init
                0x0000573a                random_rand
 .text          0x00005740       0x94 contiki-z1.a(ringbuf.o)
                0x00005740                ringbuf_init
                0x00005754                ringbuf_put
                0x0000578c                ringbuf_get
                0x000057ba                ringbuf_size
                0x000057c2                ringbuf_elements
 .text          0x000057d4      0x34c contiki-z1.a(nbr-table.o)
                0x000058e6                nbr_table_register
                0x0000590c                nbr_table_next
                0x00005950                nbr_table_head
                0x00005986                nbr_table_add_lladdr
                0x00005a96                nbr_table_get_from_lladdr
                0x00005abe                nbr_table_remove
                0x00005ae8                nbr_table_lock
                0x00005af8                nbr_table_unlock
                0x00005b08                nbr_table_get_lladdr
 .text          0x00005b20      0x216 contiki-z1.a(packetbuf.o)
                0x00005b20                packetbuf_clear_hdr
                0x00005b28                packetbuf_copyto_hdr
                0x00005b44                packetbuf_copyto
                0x00005b8a                packetbuf_hdr_remove
                0x00005b90                packetbuf_hdrreduce
                0x00005baa                packetbuf_set_datalen
                0x00005bb0                packetbuf_dataptr
                0x00005bbe                packetbuf_hdrptr
                0x00005bc8                packetbuf_is_reference
                0x00005bd6                packetbuf_compact
                0x00005c1e                packetbuf_reference_ptr
                0x00005c24                packetbuf_datalen
                0x00005c2a                packetbuf_hdrlen
                0x00005c34                packetbuf_totlen
                0x00005c44                packetbuf_hdralloc
                0x00005c6e                packetbuf_attr_clear
                0x00005c9a                packetbuf_clear
                0x00005cb4                packetbuf_reference
                0x00005cca                packetbuf_copyfrom
                0x00005cf4                packetbuf_attr_copyto
                0x00005d14                packetbuf_attr_copyfrom
 .text          0x00005d36      0x1a6 contiki-z1.a(queuebuf.o)
                0x00005d36                queuebuf_init
                0x00005d50                queuebuf_new_from_packetbuf
                0x00005dca                queuebuf_update_attr_from_packetbuf
                0x00005ddc                queuebuf_free
                0x00005e1c                queuebuf_to_packetbuf
                0x00005e86                queuebuf_dataptr
                0x00005eb8                queuebuf_datalen
                0x00005ebe                queuebuf_addr
                0x00005ecc                queuebuf_attr
                0x00005eda                queuebuf_debug_print
 .text          0x00005edc        0xc contiki-z1.a(contiki-z1-plat)
                0x00005edc                init_platform
 .text          0x00005ee8       0xd2 contiki-z1.a(msp430.o)
                0x00005ee8                msp430_init_dco
                0x00005f10                msp430_quick_synch_dco
                0x00005f8c                msp430_cpu_init
                0x00005fb2                splhigh_
 .text          0x00005fba      0x168 contiki-z1.a(leds.o)
                0x000060b2                leds_init
                0x000060c0                leds_get
                0x000060c6                leds_on
                0x000060da                leds_off
                0x000060ee                leds_invert
                0x000060f8                leds_toggle
                0x000060fe                leds_blink
 .text          0x00006122       0x54 contiki-z1.a(watchdog.o)
                0x00006122                watchdog_start
                0x00006136                watchdog_periodic
                0x00006148                watchdog_stop
                0x0000615e                watchdog_init
                0x00006170                watchdog_reboot
 .text          0x00006176      0x30a contiki-z1.a(xmem.o)
                0x000061e2                xmem_init
                0x00006200                xmem_pread
                0x000062c2                xmem_pwrite
                0x000063d6                xmem_erase
 .text          0x00006480       0x32 contiki-z1.a(spi.o)
                0x00006480                spi_init
 .text          0x000064b2      0x9d8 contiki-z1.a(cc2420.o)
                0x000067ae                cc2420_on
                0x000067d0                cc2420_off
                0x00006990                cc2420_get_channel
                0x00006996                cc2420_set_channel
                0x00006a0e                cc2420_set_pan_addr
                0x00006b2e                cc2420_interrupt
                0x00006b4c                cc2420_set_txpower
                0x00006b5a                cc2420_get_txpower
                0x00006d20                cc2420_rssi
                0x00006d7e                cc2420_cca_valid
                0x00006da2                cc2420_set_cca_threshold
                0x00006db8                cc2420_init
 .text          0x00006e8a       0x1a contiki-z1.a(cc2420-arch.o)
                0x00006e8a                cc2420_arch_init
 .text          0x00006ea4       0x96 contiki-z1.a(node-id.o)
                0x00006ea4                node_id_restore
                0x00006ef0                node_id_burn
 .text          0x00006f3a      0x156 contiki-z1.a(sensors.o)
                0x00006ffc                sensors_first
                0x00007002                sensors_next
                0x00007026                sensors_changed
                0x00007050                sensors_find
 .text          0x00007090       0x86 contiki-z1.a(button-sensor.o)
 .text          0x00007116       0x6a contiki-z1.a(uart0.o)
                0x00007116                uart0_active
                0x00007124                uart0_set_input
                0x0000712a                uart0_writeb
                0x00007140                uart0_init
 .text          0x00007180       0x10 contiki-z1.a(uart0-putchar.o)
                0x00007180                putchar
 .text          0x00007190      0x254 contiki-z1.a(adxl345.o)
                0x00007190                accm_write_reg
                0x000071be                accm_write_stream
                0x000071e8                accm_read_reg
                0x00007292                accm_read_stream
                0x000072e4                accm_read_axis
                0x0000730a                accm_set_grange
                0x0000732e                accm_init
                0x000073b8                accm_set_irq
 .text          0x000073e4       0xda contiki-z1.a(clock.o)
                0x000073e4                clock_time
                0x000073fe                clock_set
                0x00007414                clock_fine_max
                0x0000741a                clock_fine
                0x00007426                clock_init
                0x0000744e                clock_delay
                0x0000745a                clock_wait
                0x0000747e                clock_set_seconds
                0x00007496                clock_seconds
                0x000074b0                clock_counter
 .text          0x000074be       0x74 contiki-z1.a(leds-arch.o)
                0x000074be                leds_arch_init
                0x000074cc                leds_arch_get
                0x000074fa                leds_arch_set
 .text          0x00007532       0x22 contiki-z1.a(rtimer-arch.o)
                0x00007532                rtimer_arch_init
                0x00007540                rtimer_arch_now
                0x0000754e                rtimer_arch_schedule
 .text          0x00007554      0x108 contiki-z1.a(stunicast.o)
                0x00007572                stunicast_open
                0x00007588                stunicast_receiver
                0x0000758e                stunicast_set_timer
                0x000075cc                stunicast_send_stubborn
                0x00007624                stunicast_send
                0x0000762a                stunicast_cancel
                0x0000764a                stunicast_close
 .text          0x0000765c       0x14 contiki-z1.a(mac.o)
                0x0000765c                mac_call_sent_callback
 .text          0x00007670      0x1b2 contiki-z1.a(framer-802154.o)
 .text          0x00007822       0xfa contiki-z1.a(i2cmaster.o)
                0x00007822                i2c_receiveinit
                0x00007856                i2c_transmitinit
                0x00007884                i2c_receive_n
                0x000078c2                i2c_busy
                0x000078cc                i2c_enable
                0x000078ee                i2c_disable
                0x00007908                i2c_transmit_n
 .text          0x0000791c       0x78 contiki-z1.a(unicast.o)
                0x00007956                unicast_open
                0x00007978                unicast_close
                0x0000797e                unicast_send
 .text          0x00007994      0x366 contiki-z1.a(frame802154.o)
                0x00007a20                frame802154_hdrlen
                0x00007a4e                frame802154_create
                0x00007b84                frame802154_parse
 .text          0x00007cfa        0x0 /usr/local/msp430/bin/../lib/gcc/msp430/4.7.0/mcpu-430x/mmpy-16/libgcc.a(_mulsi3.o)
 .text.libgcc   0x00007cfa       0x26 /usr/local/msp430/bin/../lib/gcc/msp430/4.7.0/mcpu-430x/mmpy-16/libgcc.a(_mulsi3.o)
                0x00007cfa                __mulsi3
 .text          0x00007d20        0x0 /usr/local/msp430/bin/../lib/gcc/msp430/4.7.0/mcpu-430x/mmpy-16/libgcc.a(_udivmod16.o)
 .text.libgcc   0x00007d20       0x22 /usr/local/msp430/bin/../lib/gcc/msp430/4.7.0/mcpu-430x/mmpy-16/libgcc.a(_udivmod16.o)
                0x00007d20                __udivhi3
                0x00007d20                __ext_udivmod16
                0x00007d3a                __umodhi3
 .text          0x00007d42        0x0 /usr/local/msp430/bin/../lib/gcc/msp430/4.7.0/mcpu-430x/mmpy-16/libgcc.a(_divmod16.o)
 .text.libgcc   0x00007d42       0x3a /usr/local/msp430/bin/../lib/gcc/msp430/4.7.0/mcpu-430x/mmpy-16/libgcc.a(_divmod16.o)
                0x00007d42                __ext_divmod16
                0x00007d42                __divhi3
                0x00007d74                __modhi3
 .text          0x00007d7c        0x0 /usr/local/msp430/bin/../lib/gcc/msp430/4.7.0/mcpu-430x/mmpy-16/libgcc.a(_udivmod32.o)
 .text.libgcc   0x00007d7c       0x38 /usr/local/msp430/bin/../lib/gcc/msp430/4.7.0/mcpu-430x/mmpy-16/libgcc.a(_udivmod32.o)
                0x00007d7c                __udivsi3
                0x00007d7c                __ext_udivmod32
                0x00007daa                __umodsi3
 .text          0x00007db4        0x0 /usr/local/msp430/bin/../lib/gcc/msp430/4.7.0/../../../../msp430/lib/mcpu-430x/mmpy-16/libc.a(printf.o)
 .text.printf   0x00007db4       0x10 /usr/local/msp430/bin/../lib/gcc/msp430/4.7.0/../../../../msp430/lib/mcpu-430x/mmpy-16/libc.a(printf.o)
                0x00007db4                printf
 .text.vprintf  0x00007dc4        0xe /usr/local/msp430/bin/../lib/gcc/msp430/4.7.0/../../../../msp430/lib/mcpu-430x/mmpy-16/libc.a(printf.o)
                0x00007dc4                vprintf
 .text          0x00007dd2        0x0 /usr/local/msp430/bin/../lib/gcc/msp430/4.7.0/../../../../msp430/lib/mcpu-430x/mmpy-16/libc.a(vuprintf.o)
 .text.print_field
                0x00007dd2      0x176 /usr/local/msp430/bin/../lib/gcc/msp430/4.7.0/../../../../msp430/lib/mcpu-430x/mmpy-16/libc.a(vuprintf.o)
 .text.vuprintf
                0x00007f48      0x740 /usr/local/msp430/bin/../lib/gcc/msp430/4.7.0/../../../../msp430/lib/mcpu-430x/mmpy-16/libc.a(vuprintf.o)
                0x00007f48                vuprintf
 .text          0x00008688        0x0 /usr/local/msp430/bin/../lib/gcc/msp430/4.7.0/../../../../msp430/lib/mcpu-430x/mmpy-16/libc.a(puts.o)
 .text.puts     0x00008688       0x2c /usr/local/msp430/bin/../lib/gcc/msp430/4.7.0/../../../../msp430/lib/mcpu-430x/mmpy-16/libc.a(puts.o)
                0x00008688                puts
 .text          0x000086b4        0x0 /usr/local/msp430/bin/../lib/gcc/msp430/4.7.0/../../../../msp430/lib/mcpu-430x/mmpy-16/libc.a(rand.o)
 .text.rand_r   0x000086b4       0x24 /usr/local/msp430/bin/../lib/gcc/msp430/4.7.0/../../../../msp430/lib/mcpu-430x/mmpy-16/libc.a(rand.o)
                0x000086b4                rand_r
 .text.rand     0x000086d8       0x26 /usr/local/msp430/bin/../lib/gcc/msp430/4.7.0/../../../../msp430/lib/mcpu-430x/mmpy-16/libc.a(rand.o)
                0x000086d8                rand
 .text.srand    0x000086fe        0xa /usr/local/msp430/bin/../lib/gcc/msp430/4.7.0/../../../../msp430/lib/mcpu-430x/mmpy-16/libc.a(rand.o)
                0x000086fe                srand
 .text          0x00008708        0x0 /usr/local/msp430/bin/../lib/gcc/msp430/4.7.0/../../../../msp430/lib/mcpu-430x/mmpy-16/libc.a(strncmp.o)
 .text.strncmp  0x00008708       0x2a /usr/local/msp430/bin/../lib/gcc/msp430/4.7.0/../../../../msp430/lib/mcpu-430x/mmpy-16/libc.a(strncmp.o)
                0x00008708                strncmp
 .text          0x00008732        0x0 /usr/local/msp430/bin/../lib/gcc/msp430/4.7.0/../../../../msp430/lib/mcpu-430x/mmpy-16/libc.a(memcmp.o)
 .text.memcmp   0x00008732       0x2c /usr/local/msp430/bin/../lib/gcc/msp430/4.7.0/../../../../msp430/lib/mcpu-430x/mmpy-16/libc.a(memcmp.o)
                0x00008732                memcmp
 .text          0x0000875e        0x0 /usr/local/msp430/bin/../lib/gcc/msp430/4.7.0/../../../../msp430/lib/mcpu-430x/mmpy-16/libc.a(memcpy.o)
 .text.memcpy   0x0000875e       0xe8 /usr/local/msp430/bin/../lib/gcc/msp430/4.7.0/../../../../msp430/lib/mcpu-430x/mmpy-16/libc.a(memcpy.o)
                0x0000875e                memcpy
 .text          0x00008846        0x0 /usr/local/msp430/bin/../lib/gcc/msp430/4.7.0/../../../../msp430/lib/mcpu-430x/mmpy-16/libc.a(memset.o)
 .text.memset   0x00008846       0x5c /usr/local/msp430/bin/../lib/gcc/msp430/4.7.0/../../../../msp430/lib/mcpu-430x/mmpy-16/libc.a(memset.o)
                0x00008846                memset
 .text          0x000088a2        0x0 /usr/local/msp430/bin/../lib/gcc/msp430/4.7.0/mcpu-430x/mmpy-16/libgcc.a(_udivmod64.o)
 .text.libgcc   0x000088a2       0xbc /usr/local/msp430/bin/../lib/gcc/msp430/4.7.0/mcpu-430x/mmpy-16/libgcc.a(_udivmod64.o)
                0x000088a2                __xabi_udivmod64
                0x000088f4                __udivdi3
                0x0000890e                __umoddi3
                0x00008930                __udivmoddi4
 .text          0x0000895e        0x0 /usr/local/msp430/bin/../lib/gcc/msp430/4.7.0/mcpu-430x/mmpy-16/libcrt0.a(_reset_vector__.o)
 .text          0x0000895e        0x0 /usr/local/msp430/bin/../lib/gcc/msp430/4.7.0/mcpu-430x/mmpy-16/libcrt0.a(__watchdog_support.o)
 .text          0x0000895e        0x0 /usr/local/msp430/bin/../lib/gcc/msp430/4.7.0/mcpu-430x/mmpy-16/libcrt0.a(__init_stack.o)
 .text          0x0000895e        0x0 /usr/local/msp430/bin/../lib/gcc/msp430/4.7.0/mcpu-430x/mmpy-16/libcrt0.a(__low_level_init.o)
 .text          0x0000895e        0x0 /usr/local/msp430/bin/../lib/gcc/msp430/4.7.0/mcpu-430x/mmpy-16/libcrt0.a(_copy_data.o)
 .text          0x0000895e        0x0 /usr/local/msp430/bin/../lib/gcc/msp430/4.7.0/mcpu-430x/mmpy-16/libcrt0.a(_clear_bss.o)
 .text          0x0000895e        0x0 /usr/local/msp430/bin/../lib/gcc/msp430/4.7.0/mcpu-430x/mmpy-16/libcrt0.a(__stop_progExec__.o)
 .text          0x0000895e        0x0 /usr/local/msp430/bin/../lib/gcc/msp430/4.7.0/mcpu-430x/mmpy-16/libcrt0.a(_endless_loop__.o)
 .text          0x0000895e        0x0 /usr/local/msp430/bin/../lib/gcc/msp430/4.7.0/mcpu-430x/mmpy-16/libcrt0.a(_unexpected_.o)
 .text.crt0     0x0000895e        0x2 /usr/local/msp430/bin/../lib/gcc/msp430/4.7.0/mcpu-430x/mmpy-16/libcrt0.a(_unexpected_.o)
                0x0000895e                _unexpected_
 *(.near.text .near.text.*)
 .near.text     0x00008960        0x6 contiki-z1.a(watchdog.o)
                0x00008960                __isr_26
                0x00008960                watchdog_interrupt
 .near.text     0x00008966       0x76 contiki-z1.a(button-sensor.o)
                0x00008966                irq_p2
                0x00008966                __isr_19
 .near.text     0x000089dc       0x64 contiki-z1.a(uart0.o)
                0x000089dc                __isr_23
                0x000089dc                uart0_rx_interrupt
 .near.text     0x00008a40       0xbe contiki-z1.a(adxl345.o)
                0x00008a40                port1_isr
                0x00008a40                __isr_18
 .near.text     0x00008afe       0xea contiki-z1.a(clock.o)
                0x00008afe                __isr_24
                0x00008afe                timera1
 .near.text     0x00008be8       0x5c contiki-z1.a(rtimer-arch.o)
                0x00008be8                __isr_25
                0x00008be8                timera0
 .near.text     0x00008c44       0x98 contiki-z1.a(i2cmaster.o)
                0x00008c44                __isr_16
                0x00008c44                i2c_tx_interrupt
                0x00008cc8                i2c_rx_interrupt
                0x00008cc8                __isr_17

.rodata         0x00008cdc      0x31f
                0x00008cdc                . = ALIGN (0x2)
 *(.rodata .rodata.* .gnu.linkonce.r.*)
 .rodata        0x00008cdc      0x120 root-sensor-network.co
                0x00008dd0                autostart_processes
 .rodata        0x00008dfc       0xd4 obj_z1/contiki-z1-main.o
 .rodata        0x00008ed0        0x2 contiki-z1.a(rimeaddr.o)
                0x00008ed0                rimeaddr_null
 .rodata        0x00008ed2        0xc contiki-z1.a(rime.o)
                0x00008ed8                rime_driver
 .rodata        0x00008ede        0x4 contiki-z1.a(broadcast-annou)
 .rodata        0x00008ee2        0x8 contiki-z1.a(broadcast.o)
 .rodata        0x00008eea        0xe contiki-z1.a(runicast.o)
 .rodata        0x00008ef8        0x2 contiki-z1.a(abc.o)
 .rodata        0x00008efa       0x10 contiki-z1.a(chameleon-bitop)
                0x00008efa                chameleon_bitopt
 .rodata        0x00008f0a       0x14 contiki-z1.a(csma.o)
                0x00008f10                csma_driver
 .rodata        0x00008f1e       0x1c contiki-z1.a(contikimac.o)
                0x00008f2a                contikimac_driver
 .rodata        0x00008f3a        0xe contiki-z1.a(serial-line.o)
 .rodata        0x00008f48        0xc contiki-z1.a(etimer.o)
 .rodata        0x00008f54        0xf contiki-z1.a(ctimer.o)
 .rodata        0x00008f63       0x2c contiki-z1.a(xmem.o)
 *fill*         0x00008f8f        0x1 00
 .rodata        0x00008f90       0x22 contiki-z1.a(cc2420.o)
                0x00008f90                cc2420_driver
 .rodata        0x00008fb2        0x8 contiki-z1.a(sensors.o)
 .rodata        0x00008fba       0x10 contiki-z1.a(button-sensor.o)
                0x00008fc2                button_sensor
 .rodata        0x00008fca       0x16 contiki-z1.a(adxl345.o)
 .rodata        0x00008fe0        0x4 contiki-z1.a(stunicast.o)
 .rodata        0x00008fe4        0x4 contiki-z1.a(framer-802154.o)
                0x00008fe4                framer_802154
 .rodata        0x00008fe8        0xa contiki-z1.a(unicast.o)
 .rodata        0x00008ff2        0x2 contiki-z1.a(frame802154.o)
 .rodata.vuprintf
                0x00008ff4        0x7 /usr/local/msp430/bin/../lib/gcc/msp430/4.7.0/../../../../msp430/lib/mcpu-430x/mmpy-16/libc.a(vuprintf.o)
 *(.near.rodata .near.rodata.*)
                0x00008ffc                . = ALIGN (0x2)
                0x00008ffc                _etext = .

.data           0x00001100       0xae load address 0x00008ffc
                0x00001100                . = ALIGN (0x2)
                0x00001100                __data_start = .
 *(.data .data.* .gnu.linkonce.d.*)
 .data          0x00001100        0x0 /usr/local/msp430/bin/../lib/gcc/msp430/4.7.0/mcpu-430x/mmpy-16/crt0ivtbl32.o
 .data          0x00001100        0xa root-sensor-network.co
                0x00001100                sensor_network_process
 .data          0x0000110a        0x4 obj_z1/contiki-z1-main.o
                0x0000110a                sensors
 .data          0x0000110e        0x0 contiki-z1.a(rimeaddr.o)
 .data          0x0000110e        0x0 contiki-z1.a(rime.o)
 .data          0x0000110e        0x0 contiki-z1.a(announcement.o)
 .data          0x0000110e        0x0 contiki-z1.a(broadcast-annou)
 .data          0x0000110e        0x0 contiki-z1.a(broadcast.o)
 .data          0x0000110e        0x0 contiki-z1.a(runicast.o)
 .data          0x0000110e        0x0 contiki-z1.a(abc.o)
 .data          0x0000110e        0x0 contiki-z1.a(chameleon.o)
 .data          0x0000110e        0x0 contiki-z1.a(channel.o)
 .data          0x0000110e        0x0 contiki-z1.a(chameleon-bitop)
 .data          0x0000110e       0x18 contiki-z1.a(csma.o)
 .data          0x00001126        0x0 contiki-z1.a(contikimac.o)
 .data          0x00001126       0x10 contiki-z1.a(phase.o)
 .data          0x00001136        0x0 contiki-z1.a(process.o)
 .data          0x00001136        0x0 contiki-z1.a(autostart.o)
 .data          0x00001136        0x0 contiki-z1.a(compower.o)
 .data          0x00001136        0xa contiki-z1.a(serial-line.o)
                0x00001136                serial_line_process
 .data          0x00001140        0x0 contiki-z1.a(memb.o)
 .data          0x00001140        0x0 contiki-z1.a(timer.o)
 .data          0x00001140        0x0 contiki-z1.a(list.o)
 .data          0x00001140        0xa contiki-z1.a(etimer.o)
                0x00001140                etimer_process
 .data          0x0000114a        0xa contiki-z1.a(ctimer.o)
                0x0000114a                ctimer_process
 .data          0x00001154        0x0 contiki-z1.a(energest.o)
 .data          0x00001154        0x0 contiki-z1.a(rtimer.o)
 .data          0x00001154        0x0 contiki-z1.a(random.o)
 .data          0x00001154        0x0 contiki-z1.a(ringbuf.o)
 .data          0x00001154        0x8 contiki-z1.a(nbr-table.o)
 .data          0x0000115c        0x0 contiki-z1.a(packetbuf.o)
 .data          0x0000115c       0x18 contiki-z1.a(queuebuf.o)
 .data          0x00001174        0x0 contiki-z1.a(contiki-z1-plat)
 .data          0x00001174        0x2 contiki-z1.a(msp430.o)
 .data          0x00001176        0x0 contiki-z1.a(leds.o)
 .data          0x00001176        0x0 contiki-z1.a(watchdog.o)
 .data          0x00001176        0x0 contiki-z1.a(xmem.o)
 .data          0x00001176        0x0 contiki-z1.a(spi.o)
 .data          0x00001176        0xa contiki-z1.a(cc2420.o)
                0x00001176                cc2420_process
 .data          0x00001180        0x0 contiki-z1.a(cc2420-arch.o)
 .data          0x00001180        0x0 contiki-z1.a(node-id.o)
 .data          0x00001180        0xa contiki-z1.a(sensors.o)
                0x00001180                sensors_process
 .data          0x0000118a        0x0 contiki-z1.a(button-sensor.o)
 .data          0x0000118a        0x0 contiki-z1.a(uart0.o)
 .data          0x0000118a        0x0 contiki-z1.a(uart0-putchar.o)
 .data          0x0000118a       0x20 contiki-z1.a(adxl345.o)
                0x0000118a                accmeter_process
 .data          0x000011aa        0x0 contiki-z1.a(clock.o)
 .data          0x000011aa        0x0 contiki-z1.a(leds-arch.o)
 .data          0x000011aa        0x0 contiki-z1.a(rtimer-arch.o)
 .data          0x000011aa        0x0 contiki-z1.a(stunicast.o)
 .data          0x000011aa        0x0 contiki-z1.a(mac.o)
 .data          0x000011aa        0x0 contiki-z1.a(framer-802154.o)
 .data          0x000011aa        0x0 contiki-z1.a(i2cmaster.o)
 .data          0x000011aa        0x0 contiki-z1.a(unicast.o)
 .data          0x000011aa        0x0 contiki-z1.a(frame802154.o)
 .data          0x000011aa        0x0 /usr/local/msp430/bin/../lib/gcc/msp430/4.7.0/mcpu-430x/mmpy-16/libgcc.a(_mulsi3.o)
 .data          0x000011aa        0x0 /usr/local/msp430/bin/../lib/gcc/msp430/4.7.0/mcpu-430x/mmpy-16/libgcc.a(_udivmod16.o)
 .data          0x000011aa        0x0 /usr/local/msp430/bin/../lib/gcc/msp430/4.7.0/mcpu-430x/mmpy-16/libgcc.a(_divmod16.o)
 .data          0x000011aa        0x0 /usr/local/msp430/bin/../lib/gcc/msp430/4.7.0/mcpu-430x/mmpy-16/libgcc.a(_udivmod32.o)
 .data          0x000011aa        0x0 /usr/local/msp430/bin/../lib/gcc/msp430/4.7.0/../../../../msp430/lib/mcpu-430x/mmpy-16/libc.a(printf.o)
 .data          0x000011aa        0x0 /usr/local/msp430/bin/../lib/gcc/msp430/4.7.0/../../../../msp430/lib/mcpu-430x/mmpy-16/libc.a(vuprintf.o)
 .data          0x000011aa        0x0 /usr/local/msp430/bin/../lib/gcc/msp430/4.7.0/../../../../msp430/lib/mcpu-430x/mmpy-16/libc.a(puts.o)
 .data          0x000011aa        0x0 /usr/local/msp430/bin/../lib/gcc/msp430/4.7.0/../../../../msp430/lib/mcpu-430x/mmpy-16/libc.a(rand.o)
 .data.next     0x000011aa        0x4 /usr/local/msp430/bin/../lib/gcc/msp430/4.7.0/../../../../msp430/lib/mcpu-430x/mmpy-16/libc.a(rand.o)
 .data          0x000011ae        0x0 /usr/local/msp430/bin/../lib/gcc/msp430/4.7.0/../../../../msp430/lib/mcpu-430x/mmpy-16/libc.a(strncmp.o)
 .data          0x000011ae        0x0 /usr/local/msp430/bin/../lib/gcc/msp430/4.7.0/../../../../msp430/lib/mcpu-430x/mmpy-16/libc.a(memcmp.o)
 .data          0x000011ae        0x0 /usr/local/msp430/bin/../lib/gcc/msp430/4.7.0/../../../../msp430/lib/mcpu-430x/mmpy-16/libc.a(memcpy.o)
 .data          0x000011ae        0x0 /usr/local/msp430/bin/../lib/gcc/msp430/4.7.0/../../../../msp430/lib/mcpu-430x/mmpy-16/libc.a(memset.o)
 .data          0x000011ae        0x0 /usr/local/msp430/bin/../lib/gcc/msp430/4.7.0/mcpu-430x/mmpy-16/libgcc.a(_udivmod64.o)
 .data          0x000011ae        0x0 /usr/local/msp430/bin/../lib/gcc/msp430/4.7.0/mcpu-430x/mmpy-16/libcrt0.a(_reset_vector__.o)
 .data          0x000011ae        0x0 /usr/local/msp430/bin/../lib/gcc/msp430/4.7.0/mcpu-430x/mmpy-16/libcrt0.a(__watchdog_support.o)
 .data          0x000011ae        0x0 /usr/local/msp430/bin/../lib/gcc/msp430/4.7.0/mcpu-430x/mmpy-16/libcrt0.a(__init_stack.o)
 .data          0x000011ae        0x0 /usr/local/msp430/bin/../lib/gcc/msp430/4.7.0/mcpu-430x/mmpy-16/libcrt0.a(__low_level_init.o)
 .data          0x000011ae        0x0 /usr/local/msp430/bin/../lib/gcc/msp430/4.7.0/mcpu-430x/mmpy-16/libcrt0.a(_copy_data.o)
 .data          0x000011ae        0x0 /usr/local/msp430/bin/../lib/gcc/msp430/4.7.0/mcpu-430x/mmpy-16/libcrt0.a(_clear_bss.o)
 .data          0x000011ae        0x0 /usr/local/msp430/bin/../lib/gcc/msp430/4.7.0/mcpu-430x/mmpy-16/libcrt0.a(__stop_progExec__.o)
 .data          0x000011ae        0x0 /usr/local/msp430/bin/../lib/gcc/msp430/4.7.0/mcpu-430x/mmpy-16/libcrt0.a(_endless_loop__.o)
 .data          0x000011ae        0x0 /usr/local/msp430/bin/../lib/gcc/msp430/4.7.0/mcpu-430x/mmpy-16/libcrt0.a(_unexpected_.o)
 *(.near.data .near.data.*)
                0x000011ae                . = ALIGN (0x2)
                0x000011ae                _edata = .
                0x00008ffc                __data_load_start = LOADADDR (.data)
                0x000000ae                __data_size = SIZEOF (.data)

.bss            0x000011ae      0xce6 load address 0x000090aa
                0x000011ae                __bss_start = .
 *(.bss .bss.*)
 .bss           0x000011ae        0x0 /usr/local/msp430/bin/../lib/gcc/msp430/4.7.0/mcpu-430x/mmpy-16/crt0ivtbl32.o
 .bss           0x000011ae       0x3a root-sensor-network.co
 .bss           0x000011e8        0x4 obj_z1/contiki-z1-main.o
 .bss           0x000011ec        0x0 contiki-z1.a(rimeaddr.o)
 .bss           0x000011ec        0x2 contiki-z1.a(rime.o)
 .bss           0x000011ee        0x6 contiki-z1.a(announcement.o)
 .bss           0x000011f4       0x46 contiki-z1.a(broadcast-annou)
 .bss           0x0000123a        0x0 contiki-z1.a(broadcast.o)
 .bss           0x0000123a        0x0 contiki-z1.a(runicast.o)
 .bss           0x0000123a        0x0 contiki-z1.a(abc.o)
 .bss           0x0000123a        0x0 contiki-z1.a(chameleon.o)
 .bss           0x0000123a        0x2 contiki-z1.a(channel.o)
 .bss           0x0000123c        0x0 contiki-z1.a(chameleon-bitop)
 .bss           0x0000123c       0xb6 contiki-z1.a(csma.o)
 .bss           0x000012f2       0x74 contiki-z1.a(contikimac.o)
 .bss           0x00001366      0x148 contiki-z1.a(phase.o)
 .bss           0x000014ae       0x42 contiki-z1.a(process.o)
                0x000014ae                process_current
                0x000014b0                process_list
 .bss           0x000014f0        0x0 contiki-z1.a(autostart.o)
 .bss           0x000014f0        0x8 contiki-z1.a(compower.o)
 .bss           0x000014f8      0x10a contiki-z1.a(serial-line.o)
 .bss           0x00001602        0x0 contiki-z1.a(memb.o)
 .bss           0x00001602        0x0 contiki-z1.a(timer.o)
 .bss           0x00001602        0x0 contiki-z1.a(list.o)
 .bss           0x00001602        0x6 contiki-z1.a(etimer.o)
 .bss           0x00001608        0x4 contiki-z1.a(ctimer.o)
 .bss           0x0000160c        0x0 contiki-z1.a(energest.o)
 .bss           0x0000160c        0x2 contiki-z1.a(rtimer.o)
 .bss           0x0000160e        0x0 contiki-z1.a(random.o)
 .bss           0x0000160e        0x0 contiki-z1.a(ringbuf.o)
 .bss           0x0000160e       0x4c contiki-z1.a(nbr-table.o)
 .bss           0x0000165a       0xba contiki-z1.a(packetbuf.o)
 .bss           0x00001714      0x65e contiki-z1.a(queuebuf.o)
 .bss           0x00001d72        0x0 contiki-z1.a(contiki-z1-plat)
 .bss           0x00001d72        0x0 contiki-z1.a(msp430.o)
 .bss           0x00001d72        0x2 contiki-z1.a(leds.o)
 .bss           0x00001d74        0x2 contiki-z1.a(watchdog.o)
 .bss           0x00001d76        0x0 contiki-z1.a(xmem.o)
 .bss           0x00001d76        0x1 contiki-z1.a(spi.o)
                0x00001d76                spi_busy
 *fill*         0x00001d77        0x1 00
 .bss           0x00001d78        0xa contiki-z1.a(cc2420.o)
 .bss           0x00001d82        0x0 contiki-z1.a(cc2420-arch.o)
 .bss           0x00001d82        0x2 contiki-z1.a(node-id.o)
                0x00001d82                node_id
 .bss           0x00001d84        0x6 contiki-z1.a(sensors.o)
 .bss           0x00001d8a        0x8 contiki-z1.a(button-sensor.o)
 .bss           0x00001d92        0x4 contiki-z1.a(uart0.o)
 .bss           0x00001d96        0x0 contiki-z1.a(uart0-putchar.o)
 .bss           0x00001d96       0x16 contiki-z1.a(adxl345.o)
 .bss           0x00001dac        0xa contiki-z1.a(clock.o)
 .bss           0x00001db6        0x0 contiki-z1.a(leds-arch.o)
 .bss           0x00001db6        0x0 contiki-z1.a(rtimer-arch.o)
 .bss           0x00001db6        0x0 contiki-z1.a(stunicast.o)
 .bss           0x00001db6        0x0 contiki-z1.a(mac.o)
 .bss           0x00001db6        0x2 contiki-z1.a(framer-802154.o)
 .bss           0x00001db8        0x2 contiki-z1.a(i2cmaster.o)
 .bss           0x00001dba        0x0 contiki-z1.a(unicast.o)
 .bss           0x00001dba        0x0 contiki-z1.a(frame802154.o)
 .bss           0x00001dba        0x0 /usr/local/msp430/bin/../lib/gcc/msp430/4.7.0/mcpu-430x/mmpy-16/libgcc.a(_mulsi3.o)
 .bss           0x00001dba        0x0 /usr/local/msp430/bin/../lib/gcc/msp430/4.7.0/mcpu-430x/mmpy-16/libgcc.a(_udivmod16.o)
 .bss           0x00001dba        0x0 /usr/local/msp430/bin/../lib/gcc/msp430/4.7.0/mcpu-430x/mmpy-16/libgcc.a(_divmod16.o)
 .bss           0x00001dba        0x0 /usr/local/msp430/bin/../lib/gcc/msp430/4.7.0/mcpu-430x/mmpy-16/libgcc.a(_udivmod32.o)
 .bss           0x00001dba        0x0 /usr/local/msp430/bin/../lib/gcc/msp430/4.7.0/../../../../msp430/lib/mcpu-430x/mmpy-16/libc.a(printf.o)
 .bss           0x00001dba        0x0 /usr/local/msp430/bin/../lib/gcc/msp430/4.7.0/../../../../msp430/lib/mcpu-430x/mmpy-16/libc.a(vuprintf.o)
 .bss           0x00001dba        0x0 /usr/local/msp430/bin/../lib/gcc/msp430/4.7.0/../../../../msp430/lib/mcpu-430x/mmpy-16/libc.a(puts.o)
 .bss           0x00001dba        0x0 /usr/local/msp430/bin/../lib/gcc/msp430/4.7.0/../../../../msp430/lib/mcpu-430x/mmpy-16/libc.a(rand.o)
 .bss           0x00001dba        0x0 /usr/local/msp430/bin/../lib/gcc/msp430/4.7.0/../../../../msp430/lib/mcpu-430x/mmpy-16/libc.a(strncmp.o)
 .bss           0x00001dba        0x0 /usr/local/msp430/bin/../lib/gcc/msp430/4.7.0/../../../../msp430/lib/mcpu-430x/mmpy-16/libc.a(memcmp.o)
 .bss           0x00001dba        0x0 /usr/local/msp430/bin/../lib/gcc/msp430/4.7.0/../../../../msp430/lib/mcpu-430x/mmpy-16/libc.a(memcpy.o)
 .bss           0x00001dba        0x0 /usr/local/msp430/bin/../lib/gcc/msp430/4.7.0/../../../../msp430/lib/mcpu-430x/mmpy-16/libc.a(memset.o)
 .bss           0x00001dba        0x0 /usr/local/msp430/bin/../lib/gcc/msp430/4.7.0/mcpu-430x/mmpy-16/libgcc.a(_udivmod64.o)
 .bss           0x00001dba        0x0 /usr/local/msp430/bin/../lib/gcc/msp430/4.7.0/mcpu-430x/mmpy-16/libcrt0.a(_reset_vector__.o)
 .bss           0x00001dba        0x0 /usr/local/msp430/bin/../lib/gcc/msp430/4.7.0/mcpu-430x/mmpy-16/libcrt0.a(__watchdog_support.o)
 .bss           0x00001dba        0x0 /usr/local/msp430/bin/../lib/gcc/msp430/4.7.0/mcpu-430x/mmpy-16/libcrt0.a(__init_stack.o)
 .bss           0x00001dba        0x0 /usr/local/msp430/bin/../lib/gcc/msp430/4.7.0/mcpu-430x/mmpy-16/libcrt0.a(__low_level_init.o)
 .bss           0x00001dba        0x0 /usr/local/msp430/bin/../lib/gcc/msp430/4.7.0/mcpu-430x/mmpy-16/libcrt0.a(_copy_data.o)
 .bss           0x00001dba        0x0 /usr/local/msp430/bin/../lib/gcc/msp430/4.7.0/mcpu-430x/mmpy-16/libcrt0.a(_clear_bss.o)
 .bss           0x00001dba        0x0 /usr/local/msp430/bin/../lib/gcc/msp430/4.7.0/mcpu-430x/mmpy-16/libcrt0.a(__stop_progExec__.o)
 .bss           0x00001dba        0x0 /usr/local/msp430/bin/../lib/gcc/msp430/4.7.0/mcpu-430x/mmpy-16/libcrt0.a(_endless_loop__.o)
 .bss           0x00001dba        0x0 /usr/local/msp430/bin/../lib/gcc/msp430/4.7.0/mcpu-430x/mmpy-16/libcrt0.a(_unexpected_.o)
 *(.near.bss .near.bss.*)
 *(COMMON)
 COMMON         0x00001dba        0x8 root-sensor-network.co
                0x00001dba                me
                0x00001dbe                parent
 COMMON         0x00001dc2        0x2 obj_z1/contiki-z1-main.o
                0x00001dc2                sensors_flags
 COMMON         0x00001dc4        0x2 contiki-z1.a(rimeaddr.o)
                0x00001dc4                rimeaddr_node_addr
 COMMON         0x00001dc6        0x1 contiki-z1.a(process.o)
                0x00001dc6                process_maxevents
 *fill*         0x00001dc7        0x1 00
 COMMON         0x00001dc8        0x8 contiki-z1.a(compower.o)
                0x00001dc8                compower_idle_activity
 COMMON         0x00001dd0        0x1 contiki-z1.a(serial-line.o)
                0x00001dd0                serial_line_event_message
 *fill*         0x00001dd1        0x1 00
 COMMON         0x00001dd2       0x56 contiki-z1.a(energest.o)
                0x00001dd2                energest_total_time
                0x00001e02                energest_total_count
                0x00001e04                energest_current_mode
                0x00001e10                energest_current_time
 COMMON         0x00001e28       0x38 contiki-z1.a(packetbuf.o)
                0x00001e28                packetbuf_addrs
                0x00001e30                packetbuf_attrs
 COMMON         0x00001e60       0x14 contiki-z1.a(cc2420.o)
                0x00001e60                cc2420_last_rssi
                0x00001e62                cc2420_packets_read
                0x00001e64                cc2420_packets_seen
                0x00001e66                cc2420_sfd_start_time
                0x00001e68                cc2420_time_of_departure
                0x00001e6a                cc2420_time_of_arrival
                0x00001e6c                cc2420_last_correlation
                0x00001e6e                cc2420_authority_level_of_sender
                0x00001e70                cc2420_sfd_counter
                0x00001e72                cc2420_sfd_end_time
 COMMON         0x00001e74        0x8 contiki-z1.a(node-id.o)
                0x00001e74                node_mac
 COMMON         0x00001e7c        0x1 contiki-z1.a(sensors.o)
                0x00001e7c                sensors_event
 *fill*         0x00001e7d        0x1 00
 COMMON         0x00001e7e        0x7 contiki-z1.a(adxl345.o)
                0x00001e7e                accm_int2_cb
                0x00001e80                int2_event
                0x00001e82                accm_int1_cb
                0x00001e84                int1_event
 *fill*         0x00001e85        0x1 00
 COMMON         0x00001e86        0xe contiki-z1.a(i2cmaster.o)
                0x00001e86                transmit_data1
                0x00001e87                rx_byte_ctr
                0x00001e88                tx_buf_ptr
                0x00001e8a                tx_byte_ctr
                0x00001e8c                i
                0x00001e8e                receive_data
                0x00001e8f                rx_buf
                0x00001e91                transmit_data2
                0x00001e92                rx_buf_ptr
                0x00001e94                . = ALIGN (0x2)
                0x00001e94                __bss_end = .
                0x00000ce6                __bss_size = SIZEOF (.bss)

.noinit         0x00001e94        0x2 load address 0x000090aa
                0x00001e94                . = ALIGN (0x2)
                0x00001e94                __noinit_start = .
 *(.noinit .noinit.*)
 .noinit.crt0   0x00001e94        0x2 /usr/local/msp430/bin/../lib/gcc/msp430/4.7.0/mcpu-430x/mmpy-16/libcrt0.a(__watchdog_support.o)
                0x00001e94                __wdt_clear_value
                0x00001e96                . = ALIGN (0x2)
                0x00001e96                __noinit_end = .
                0x00001e96                . = ALIGN (0x2)
                0x00001e96                _end = .

.infomem        0x00001000        0x0
                0x00001000                . = ALIGN (0x2)
 *(.infomem .infomem.*)

.infomemnobits  0x00001000        0x0
                0x00001000                . = ALIGN (0x2)
 *(.infomemnobits .infomemnobits.*)

.infoa          0x000010c0        0x0
                0x000010c0                . = ALIGN (0x2)
 *(.infoa .infoa.*)

.infob          0x00001080        0x0
                0x00001080                . = ALIGN (0x2)
 *(.infob .infob.*)

.infoc          0x00001040        0x0
                0x00001040                . = ALIGN (0x2)
 *(.infoc .infoc.*)

.infod          0x00001000        0x0
                0x00001000                . = ALIGN (0x2)
 *(.infod .infod.*)

.vectors        0x0000ffc0       0x40
                0x0000ffc0                __vectors_start = .
 *(.vectors*)
 .vectors       0x0000ffc0       0x40 /usr/local/msp430/bin/../lib/gcc/msp430/4.7.0/mcpu-430x/mmpy-16/crt0ivtbl32.o
                0x0000ffc0                __ivtbl_32
                0x00010000                _vectors_end = .

.fartext        0x00010000        0x0
                0x00010000                . = ALIGN (0x2)
 *(.fartext .fartext.*)

.far.text       0x00010000        0x0
                0x00010000                . = ALIGN (0x2)
 *(.far.text .far.text.*)

.far.rodata     0x00010000        0x0
                0x00010000                . = ALIGN (0x2)
 *(.far.rodata .far.rodata.*)
                0x00010000                . = ALIGN (0x2)
                0x00010000                _efartext = .

.far.data       0x00000000        0x0 load address 0x00010000
                0x00000000                . = ALIGN (0x2)
                0x00000000                __far_data_start = .
 *(.far.data .far.data.*)
                0x00000000                . = ALIGN (0x2)
                0x00000000                _efardata = .
                0x00010000                __far_data_load_start = LOADADDR (.far.data)
                0x00000000                __far_data_size = SIZEOF (.far.data)

.far.bss        0x00000000        0x0 load address 0x00010000
                0x00000000                . = ALIGN (0x2)
                0x00000000                __far_bss_start = .
 *(.far.bss .far.bss.*)
                0x00000000                . = ALIGN (0x2)
                0x00000000                __far_bss_end = .
                0x00000000                __far_bss_size = SIZEOF (.far.bss)
                0x00000000                . = ALIGN (0x2)
                0x00000000                _far_end = .

.profiler
 *(.profiler)

.stab
 *(.stab)

.stabstr
 *(.stabstr)

.stab.excl
 *(.stab.excl)

.stab.exclstr
 *(.stab.exclstr)

.stab.index
 *(.stab.index)

.stab.indexstr
 *(.stab.indexstr)

.comment        0x00000000       0x30
 *(.comment)
 .comment       0x00000000       0x30 root-sensor-network.co
                                 0x31 (size before relaxing)
 .comment       0x00000000       0x31 obj_z1/contiki-z1-main.o
 .comment       0x00000000       0x31 contiki-z1.a(rimeaddr.o)
 .comment       0x00000000       0x31 contiki-z1.a(rime.o)
 .comment       0x00000000       0x31 contiki-z1.a(announcement.o)
 .comment       0x00000000       0x31 contiki-z1.a(broadcast-annou)
 .comment       0x00000000       0x31 contiki-z1.a(broadcast.o)
 .comment       0x00000000       0x31 contiki-z1.a(runicast.o)
 .comment       0x00000000       0x31 contiki-z1.a(abc.o)
 .comment       0x00000000       0x31 contiki-z1.a(chameleon.o)
 .comment       0x00000000       0x31 contiki-z1.a(channel.o)
 .comment       0x00000000       0x31 contiki-z1.a(chameleon-bitop)
 .comment       0x00000000       0x31 contiki-z1.a(csma.o)
 .comment       0x00000000       0x31 contiki-z1.a(contikimac.o)
 .comment       0x00000000       0x31 contiki-z1.a(phase.o)
 .comment       0x00000000       0x31 contiki-z1.a(process.o)
 .comment       0x00000000       0x31 contiki-z1.a(autostart.o)
 .comment       0x00000000       0x31 contiki-z1.a(compower.o)
 .comment       0x00000000       0x31 contiki-z1.a(serial-line.o)
 .comment       0x00000000       0x31 contiki-z1.a(memb.o)
 .comment       0x00000000       0x31 contiki-z1.a(timer.o)
 .comment       0x00000000       0x31 contiki-z1.a(list.o)
 .comment       0x00000000       0x31 contiki-z1.a(etimer.o)
 .comment       0x00000000       0x31 contiki-z1.a(ctimer.o)
 .comment       0x00000000       0x31 contiki-z1.a(energest.o)
 .comment       0x00000000       0x31 contiki-z1.a(rtimer.o)
 .comment       0x00000000       0x31 contiki-z1.a(random.o)
 .comment       0x00000000       0x31 contiki-z1.a(ringbuf.o)
 .comment       0x00000000       0x31 contiki-z1.a(nbr-table.o)
 .comment       0x00000000       0x31 contiki-z1.a(packetbuf.o)
 .comment       0x00000000       0x31 contiki-z1.a(queuebuf.o)
 .comment       0x00000000       0x31 contiki-z1.a(contiki-z1-plat)
 .comment       0x00000000       0x31 contiki-z1.a(msp430.o)
 .comment       0x00000000       0x31 contiki-z1.a(leds.o)
 .comment       0x00000000       0x31 contiki-z1.a(watchdog.o)
 .comment       0x00000000       0x31 contiki-z1.a(xmem.o)
 .comment       0x00000000       0x31 contiki-z1.a(spi.o)
 .comment       0x00000000       0x31 contiki-z1.a(cc2420.o)
 .comment       0x00000000       0x31 contiki-z1.a(cc2420-arch.o)
 .comment       0x00000000       0x31 contiki-z1.a(node-id.o)
 .comment       0x00000000       0x31 contiki-z1.a(sensors.o)
 .comment       0x00000000       0x31 contiki-z1.a(button-sensor.o)
 .comment       0x00000000       0x31 contiki-z1.a(uart0.o)
 .comment       0x00000000       0x31 contiki-z1.a(uart0-putchar.o)
 .comment       0x00000000       0x31 contiki-z1.a(adxl345.o)
 .comment       0x00000000       0x31 contiki-z1.a(clock.o)
 .comment       0x00000000       0x31 contiki-z1.a(leds-arch.o)
 .comment       0x00000000       0x31 contiki-z1.a(rtimer-arch.o)
 .comment       0x00000000       0x31 contiki-z1.a(stunicast.o)
 .comment       0x00000000       0x31 contiki-z1.a(mac.o)
 .comment       0x00000000       0x31 contiki-z1.a(framer-802154.o)
 .comment       0x00000000       0x31 contiki-z1.a(i2cmaster.o)
 .comment       0x00000000       0x31 contiki-z1.a(unicast.o)
 .comment       0x00000000       0x31 contiki-z1.a(frame802154.o)
 .comment       0x00000000       0x31 /usr/local/msp430/bin/../lib/gcc/msp430/4.7.0/../../../../msp430/lib/mcpu-430x/mmpy-16/libc.a(printf.o)
 .comment       0x00000000       0x31 /usr/local/msp430/bin/../lib/gcc/msp430/4.7.0/../../../../msp430/lib/mcpu-430x/mmpy-16/libc.a(vuprintf.o)
 .comment       0x00000000       0x31 /usr/local/msp430/bin/../lib/gcc/msp430/4.7.0/../../../../msp430/lib/mcpu-430x/mmpy-16/libc.a(puts.o)
 .comment       0x00000000       0x31 /usr/local/msp430/bin/../lib/gcc/msp430/4.7.0/../../../../msp430/lib/mcpu-430x/mmpy-16/libc.a(rand.o)
 .comment       0x00000000       0x31 /usr/local/msp430/bin/../lib/gcc/msp430/4.7.0/../../../../msp430/lib/mcpu-430x/mmpy-16/libc.a(strncmp.o)
 .comment       0x00000000       0x31 /usr/local/msp430/bin/../lib/gcc/msp430/4.7.0/../../../../msp430/lib/mcpu-430x/mmpy-16/libc.a(memcmp.o)
 .comment       0x00000000       0x31 /usr/local/msp430/bin/../lib/gcc/msp430/4.7.0/../../../../msp430/lib/mcpu-430x/mmpy-16/libc.a(memcpy.o)
 .comment       0x00000000       0x31 /usr/local/msp430/bin/../lib/gcc/msp430/4.7.0/../../../../msp430/lib/mcpu-430x/mmpy-16/libc.a(memset.o)

.debug
 *(.debug)

.line
 *(.line)

.debug_srcinfo
 *(.debug_srcinfo)

.debug_sfnames
 *(.debug_sfnames)

.debug_aranges  0x00000000      0x2a0
 *(.debug_aranges)
 .debug_aranges
                0x00000000       0x20 /usr/local/msp430/bin/../lib/gcc/msp430/4.7.0/mcpu-430x/mmpy-16/crt0ivtbl32.o
 .debug_aranges
                0x00000020       0x20 /usr/local/msp430/bin/../lib/gcc/msp430/4.7.0/mcpu-430x/mmpy-16/libgcc.a(_mulsi3.o)
 .debug_aranges
                0x00000040       0x20 /usr/local/msp430/bin/../lib/gcc/msp430/4.7.0/mcpu-430x/mmpy-16/libgcc.a(_udivmod16.o)
 .debug_aranges
                0x00000060       0x20 /usr/local/msp430/bin/../lib/gcc/msp430/4.7.0/mcpu-430x/mmpy-16/libgcc.a(_divmod16.o)
 .debug_aranges
                0x00000080       0x20 /usr/local/msp430/bin/../lib/gcc/msp430/4.7.0/mcpu-430x/mmpy-16/libgcc.a(_udivmod32.o)
 .debug_aranges
                0x000000a0       0x28 /usr/local/msp430/bin/../lib/gcc/msp430/4.7.0/../../../../msp430/lib/mcpu-430x/mmpy-16/libc.a(printf.o)
 .debug_aranges
                0x000000c8       0x28 /usr/local/msp430/bin/../lib/gcc/msp430/4.7.0/../../../../msp430/lib/mcpu-430x/mmpy-16/libc.a(vuprintf.o)
 .debug_aranges
                0x000000f0       0x20 /usr/local/msp430/bin/../lib/gcc/msp430/4.7.0/../../../../msp430/lib/mcpu-430x/mmpy-16/libc.a(puts.o)
 .debug_aranges
                0x00000110       0x30 /usr/local/msp430/bin/../lib/gcc/msp430/4.7.0/../../../../msp430/lib/mcpu-430x/mmpy-16/libc.a(rand.o)
 .debug_aranges
                0x00000140       0x20 /usr/local/msp430/bin/../lib/gcc/msp430/4.7.0/../../../../msp430/lib/mcpu-430x/mmpy-16/libc.a(strncmp.o)
 .debug_aranges
                0x00000160       0x20 /usr/local/msp430/bin/../lib/gcc/msp430/4.7.0/../../../../msp430/lib/mcpu-430x/mmpy-16/libc.a(memcmp.o)
 .debug_aranges
                0x00000180       0x20 /usr/local/msp430/bin/../lib/gcc/msp430/4.7.0/../../../../msp430/lib/mcpu-430x/mmpy-16/libc.a(memcpy.o)
 .debug_aranges
                0x000001a0       0x20 /usr/local/msp430/bin/../lib/gcc/msp430/4.7.0/../../../../msp430/lib/mcpu-430x/mmpy-16/libc.a(memset.o)
 .debug_aranges
                0x000001c0       0x20 /usr/local/msp430/bin/../lib/gcc/msp430/4.7.0/mcpu-430x/mmpy-16/libgcc.a(_udivmod64.o)
 .debug_aranges
                0x000001e0       0x20 /usr/local/msp430/bin/../lib/gcc/msp430/4.7.0/mcpu-430x/mmpy-16/libcrt0.a(__watchdog_support.o)
 .debug_aranges
                0x00000200       0x20 /usr/local/msp430/bin/../lib/gcc/msp430/4.7.0/mcpu-430x/mmpy-16/libcrt0.a(__init_stack.o)
 .debug_aranges
                0x00000220       0x20 /usr/local/msp430/bin/../lib/gcc/msp430/4.7.0/mcpu-430x/mmpy-16/libcrt0.a(_copy_data.o)
 .debug_aranges
                0x00000240       0x20 /usr/local/msp430/bin/../lib/gcc/msp430/4.7.0/mcpu-430x/mmpy-16/libcrt0.a(_clear_bss.o)
 .debug_aranges
                0x00000260       0x20 /usr/local/msp430/bin/../lib/gcc/msp430/4.7.0/mcpu-430x/mmpy-16/libcrt0.a(_endless_loop__.o)
 .debug_aranges
                0x00000280       0x20 /usr/local/msp430/bin/../lib/gcc/msp430/4.7.0/mcpu-430x/mmpy-16/libcrt0.a(_unexpected_.o)

.debug_pubnames
 *(.debug_pubnames)

.debug_info     0x00000000     0x1678
 *(.debug_info)
 .debug_info    0x00000000       0xac /usr/local/msp430/bin/../lib/gcc/msp430/4.7.0/mcpu-430x/mmpy-16/crt0ivtbl32.o
 .debug_info    0x000000ac       0xa9 /usr/local/msp430/bin/../lib/gcc/msp430/4.7.0/mcpu-430x/mmpy-16/libgcc.a(_mulsi3.o)
 .debug_info    0x00000155       0xa9 /usr/local/msp430/bin/../lib/gcc/msp430/4.7.0/mcpu-430x/mmpy-16/libgcc.a(_udivmod16.o)
 .debug_info    0x000001fe       0xa9 /usr/local/msp430/bin/../lib/gcc/msp430/4.7.0/mcpu-430x/mmpy-16/libgcc.a(_divmod16.o)
 .debug_info    0x000002a7       0xa9 /usr/local/msp430/bin/../lib/gcc/msp430/4.7.0/mcpu-430x/mmpy-16/libgcc.a(_udivmod32.o)
 .debug_info    0x00000350      0x18d /usr/local/msp430/bin/../lib/gcc/msp430/4.7.0/../../../../msp430/lib/mcpu-430x/mmpy-16/libc.a(printf.o)
 .debug_info    0x000004dd      0x66d /usr/local/msp430/bin/../lib/gcc/msp430/4.7.0/../../../../msp430/lib/mcpu-430x/mmpy-16/libc.a(vuprintf.o)
 .debug_info    0x00000b4a       0xe1 /usr/local/msp430/bin/../lib/gcc/msp430/4.7.0/../../../../msp430/lib/mcpu-430x/mmpy-16/libc.a(puts.o)
 .debug_info    0x00000c2b      0x172 /usr/local/msp430/bin/../lib/gcc/msp430/4.7.0/../../../../msp430/lib/mcpu-430x/mmpy-16/libc.a(rand.o)
 .debug_info    0x00000d9d       0xd8 /usr/local/msp430/bin/../lib/gcc/msp430/4.7.0/../../../../msp430/lib/mcpu-430x/mmpy-16/libc.a(strncmp.o)
 .debug_info    0x00000e75       0xff /usr/local/msp430/bin/../lib/gcc/msp430/4.7.0/../../../../msp430/lib/mcpu-430x/mmpy-16/libc.a(memcmp.o)
 .debug_info    0x00000f74      0x144 /usr/local/msp430/bin/../lib/gcc/msp430/4.7.0/../../../../msp430/lib/mcpu-430x/mmpy-16/libc.a(memcpy.o)
 .debug_info    0x000010b8      0x12d /usr/local/msp430/bin/../lib/gcc/msp430/4.7.0/../../../../msp430/lib/mcpu-430x/mmpy-16/libc.a(memset.o)
 .debug_info    0x000011e5       0xa9 /usr/local/msp430/bin/../lib/gcc/msp430/4.7.0/mcpu-430x/mmpy-16/libgcc.a(_udivmod64.o)
 .debug_info    0x0000128e       0xa7 /usr/local/msp430/bin/../lib/gcc/msp430/4.7.0/mcpu-430x/mmpy-16/libcrt0.a(__watchdog_support.o)
 .debug_info    0x00001335       0xa7 /usr/local/msp430/bin/../lib/gcc/msp430/4.7.0/mcpu-430x/mmpy-16/libcrt0.a(__init_stack.o)
 .debug_info    0x000013dc       0xa7 /usr/local/msp430/bin/../lib/gcc/msp430/4.7.0/mcpu-430x/mmpy-16/libcrt0.a(_copy_data.o)
 .debug_info    0x00001483       0xa7 /usr/local/msp430/bin/../lib/gcc/msp430/4.7.0/mcpu-430x/mmpy-16/libcrt0.a(_clear_bss.o)
 .debug_info    0x0000152a       0xa7 /usr/local/msp430/bin/../lib/gcc/msp430/4.7.0/mcpu-430x/mmpy-16/libcrt0.a(_endless_loop__.o)
 .debug_info    0x000015d1       0xa7 /usr/local/msp430/bin/../lib/gcc/msp430/4.7.0/mcpu-430x/mmpy-16/libcrt0.a(_unexpected_.o)
 *(.gnu.linkonce.wi.*)

.debug_abbrev   0x00000000      0x822
 *(.debug_abbrev)
 .debug_abbrev  0x00000000       0x14 /usr/local/msp430/bin/../lib/gcc/msp430/4.7.0/mcpu-430x/mmpy-16/crt0ivtbl32.o
 .debug_abbrev  0x00000014       0x14 /usr/local/msp430/bin/../lib/gcc/msp430/4.7.0/mcpu-430x/mmpy-16/libgcc.a(_mulsi3.o)
 .debug_abbrev  0x00000028       0x14 /usr/local/msp430/bin/../lib/gcc/msp430/4.7.0/mcpu-430x/mmpy-16/libgcc.a(_udivmod16.o)
 .debug_abbrev  0x0000003c       0x14 /usr/local/msp430/bin/../lib/gcc/msp430/4.7.0/mcpu-430x/mmpy-16/libgcc.a(_divmod16.o)
 .debug_abbrev  0x00000050       0x14 /usr/local/msp430/bin/../lib/gcc/msp430/4.7.0/mcpu-430x/mmpy-16/libgcc.a(_udivmod32.o)
 .debug_abbrev  0x00000064       0xfa /usr/local/msp430/bin/../lib/gcc/msp430/4.7.0/../../../../msp430/lib/mcpu-430x/mmpy-16/libc.a(printf.o)
 .debug_abbrev  0x0000015e      0x23e /usr/local/msp430/bin/../lib/gcc/msp430/4.7.0/../../../../msp430/lib/mcpu-430x/mmpy-16/libc.a(vuprintf.o)
 .debug_abbrev  0x0000039c       0xa3 /usr/local/msp430/bin/../lib/gcc/msp430/4.7.0/../../../../msp430/lib/mcpu-430x/mmpy-16/libc.a(puts.o)
 .debug_abbrev  0x0000043f       0xfb /usr/local/msp430/bin/../lib/gcc/msp430/4.7.0/../../../../msp430/lib/mcpu-430x/mmpy-16/libc.a(rand.o)
 .debug_abbrev  0x0000053a       0x72 /usr/local/msp430/bin/../lib/gcc/msp430/4.7.0/../../../../msp430/lib/mcpu-430x/mmpy-16/libc.a(strncmp.o)
 .debug_abbrev  0x000005ac       0x9e /usr/local/msp430/bin/../lib/gcc/msp430/4.7.0/../../../../msp430/lib/mcpu-430x/mmpy-16/libc.a(memcmp.o)
 .debug_abbrev  0x0000064a       0xab /usr/local/msp430/bin/../lib/gcc/msp430/4.7.0/../../../../msp430/lib/mcpu-430x/mmpy-16/libc.a(memcpy.o)
 .debug_abbrev  0x000006f5       0xa1 /usr/local/msp430/bin/../lib/gcc/msp430/4.7.0/../../../../msp430/lib/mcpu-430x/mmpy-16/libc.a(memset.o)
 .debug_abbrev  0x00000796       0x14 /usr/local/msp430/bin/../lib/gcc/msp430/4.7.0/mcpu-430x/mmpy-16/libgcc.a(_udivmod64.o)
 .debug_abbrev  0x000007aa       0x14 /usr/local/msp430/bin/../lib/gcc/msp430/4.7.0/mcpu-430x/mmpy-16/libcrt0.a(__watchdog_support.o)
 .debug_abbrev  0x000007be       0x14 /usr/local/msp430/bin/../lib/gcc/msp430/4.7.0/mcpu-430x/mmpy-16/libcrt0.a(__init_stack.o)
 .debug_abbrev  0x000007d2       0x14 /usr/local/msp430/bin/../lib/gcc/msp430/4.7.0/mcpu-430x/mmpy-16/libcrt0.a(_copy_data.o)
 .debug_abbrev  0x000007e6       0x14 /usr/local/msp430/bin/../lib/gcc/msp430/4.7.0/mcpu-430x/mmpy-16/libcrt0.a(_clear_bss.o)
 .debug_abbrev  0x000007fa       0x14 /usr/local/msp430/bin/../lib/gcc/msp430/4.7.0/mcpu-430x/mmpy-16/libcrt0.a(_endless_loop__.o)
 .debug_abbrev  0x0000080e       0x14 /usr/local/msp430/bin/../lib/gcc/msp430/4.7.0/mcpu-430x/mmpy-16/libcrt0.a(_unexpected_.o)

.debug_line     0x00000000      0xd83
 *(.debug_line)
 .debug_line    0x00000000       0x69 /usr/local/msp430/bin/../lib/gcc/msp430/4.7.0/mcpu-430x/mmpy-16/crt0ivtbl32.o
 .debug_line    0x00000069       0x79 /usr/local/msp430/bin/../lib/gcc/msp430/4.7.0/mcpu-430x/mmpy-16/libgcc.a(_mulsi3.o)
 .debug_line    0x000000e2       0x75 /usr/local/msp430/bin/../lib/gcc/msp430/4.7.0/mcpu-430x/mmpy-16/libgcc.a(_udivmod16.o)
 .debug_line    0x00000157       0x80 /usr/local/msp430/bin/../lib/gcc/msp430/4.7.0/mcpu-430x/mmpy-16/libgcc.a(_divmod16.o)
 .debug_line    0x000001d7       0x80 /usr/local/msp430/bin/../lib/gcc/msp430/4.7.0/mcpu-430x/mmpy-16/libgcc.a(_udivmod32.o)
 .debug_line    0x00000257       0xad /usr/local/msp430/bin/../lib/gcc/msp430/4.7.0/../../../../msp430/lib/mcpu-430x/mmpy-16/libc.a(printf.o)
 .debug_line    0x00000304      0x35d /usr/local/msp430/bin/../lib/gcc/msp430/4.7.0/../../../../msp430/lib/mcpu-430x/mmpy-16/libc.a(vuprintf.o)
 .debug_line    0x00000661       0x67 /usr/local/msp430/bin/../lib/gcc/msp430/4.7.0/../../../../msp430/lib/mcpu-430x/mmpy-16/libc.a(puts.o)
 .debug_line    0x000006c8       0x6e /usr/local/msp430/bin/../lib/gcc/msp430/4.7.0/../../../../msp430/lib/mcpu-430x/mmpy-16/libc.a(rand.o)
 .debug_line    0x00000736       0x91 /usr/local/msp430/bin/../lib/gcc/msp430/4.7.0/../../../../msp430/lib/mcpu-430x/mmpy-16/libc.a(strncmp.o)
 .debug_line    0x000007c7       0x91 /usr/local/msp430/bin/../lib/gcc/msp430/4.7.0/../../../../msp430/lib/mcpu-430x/mmpy-16/libc.a(memcmp.o)
 .debug_line    0x00000858      0x11a /usr/local/msp430/bin/../lib/gcc/msp430/4.7.0/../../../../msp430/lib/mcpu-430x/mmpy-16/libc.a(memcpy.o)
 .debug_line    0x00000972       0xf4 /usr/local/msp430/bin/../lib/gcc/msp430/4.7.0/../../../../msp430/lib/mcpu-430x/mmpy-16/libc.a(memset.o)
 .debug_line    0x00000a66       0xb0 /usr/local/msp430/bin/../lib/gcc/msp430/4.7.0/mcpu-430x/mmpy-16/libgcc.a(_udivmod64.o)
 .debug_line    0x00000b16       0x67 /usr/local/msp430/bin/../lib/gcc/msp430/4.7.0/mcpu-430x/mmpy-16/libcrt0.a(__watchdog_support.o)
 .debug_line    0x00000b7d       0x65 /usr/local/msp430/bin/../lib/gcc/msp430/4.7.0/mcpu-430x/mmpy-16/libcrt0.a(__init_stack.o)
 .debug_line    0x00000be2       0x6b /usr/local/msp430/bin/../lib/gcc/msp430/4.7.0/mcpu-430x/mmpy-16/libcrt0.a(_copy_data.o)
 .debug_line    0x00000c4d       0x6b /usr/local/msp430/bin/../lib/gcc/msp430/4.7.0/mcpu-430x/mmpy-16/libcrt0.a(_clear_bss.o)
 .debug_line    0x00000cb8       0x66 /usr/local/msp430/bin/../lib/gcc/msp430/4.7.0/mcpu-430x/mmpy-16/libcrt0.a(_endless_loop__.o)
 .debug_line    0x00000d1e       0x65 /usr/local/msp430/bin/../lib/gcc/msp430/4.7.0/mcpu-430x/mmpy-16/libcrt0.a(_unexpected_.o)

.debug_frame    0x00000000      0x1e8
 *(.debug_frame)
 .debug_frame   0x00000000       0x34 /usr/local/msp430/bin/../lib/gcc/msp430/4.7.0/../../../../msp430/lib/mcpu-430x/mmpy-16/libc.a(printf.o)
 .debug_frame   0x00000034       0x84 /usr/local/msp430/bin/../lib/gcc/msp430/4.7.0/../../../../msp430/lib/mcpu-430x/mmpy-16/libc.a(vuprintf.o)
 .debug_frame   0x000000b8       0x2c /usr/local/msp430/bin/../lib/gcc/msp430/4.7.0/../../../../msp430/lib/mcpu-430x/mmpy-16/libc.a(puts.o)
 .debug_frame   0x000000e4       0x4c /usr/local/msp430/bin/../lib/gcc/msp430/4.7.0/../../../../msp430/lib/mcpu-430x/mmpy-16/libc.a(rand.o)
 .debug_frame   0x00000130       0x2c /usr/local/msp430/bin/../lib/gcc/msp430/4.7.0/../../../../msp430/lib/mcpu-430x/mmpy-16/libc.a(strncmp.o)
 .debug_frame   0x0000015c       0x2c /usr/local/msp430/bin/../lib/gcc/msp430/4.7.0/../../../../msp430/lib/mcpu-430x/mmpy-16/libc.a(memcmp.o)
 .debug_frame   0x00000188       0x30 /usr/local/msp430/bin/../lib/gcc/msp430/4.7.0/../../../../msp430/lib/mcpu-430x/mmpy-16/libc.a(memcpy.o)
 .debug_frame   0x000001b8       0x30 /usr/local/msp430/bin/../lib/gcc/msp430/4.7.0/../../../../msp430/lib/mcpu-430x/mmpy-16/libc.a(memset.o)

.debug_str      0x00000000      0x415
 *(.debug_str)
 .debug_str     0x00000000       0xff /usr/local/msp430/bin/../lib/gcc/msp430/4.7.0/../../../../msp430/lib/mcpu-430x/mmpy-16/libc.a(printf.o)
                                0x147 (size before relaxing)
 .debug_str     0x000000ff      0x22b /usr/local/msp430/bin/../lib/gcc/msp430/4.7.0/../../../../msp430/lib/mcpu-430x/mmpy-16/libc.a(vuprintf.o)
                                0x3ad (size before relaxing)
 .debug_str     0x0000032a       0x1d /usr/local/msp430/bin/../lib/gcc/msp430/4.7.0/../../../../msp430/lib/mcpu-430x/mmpy-16/libc.a(puts.o)
                                0x10c (size before relaxing)
 .debug_str     0x00000347       0x2f /usr/local/msp430/bin/../lib/gcc/msp430/4.7.0/../../../../msp430/lib/mcpu-430x/mmpy-16/libc.a(rand.o)
                                0x123 (size before relaxing)
 .debug_str     0x00000376       0x22 /usr/local/msp430/bin/../lib/gcc/msp430/4.7.0/../../../../msp430/lib/mcpu-430x/mmpy-16/libc.a(strncmp.o)
                                0x111 (size before relaxing)
 .debug_str     0x00000398       0x19 /usr/local/msp430/bin/../lib/gcc/msp430/4.7.0/../../../../msp430/lib/mcpu-430x/mmpy-16/libc.a(memcmp.o)
                                0x10f (size before relaxing)
 .debug_str     0x000003b1       0x3e /usr/local/msp430/bin/../lib/gcc/msp430/4.7.0/../../../../msp430/lib/mcpu-430x/mmpy-16/libc.a(memcpy.o)
                                0x13d (size before relaxing)
 .debug_str     0x000003ef       0x26 /usr/local/msp430/bin/../lib/gcc/msp430/4.7.0/../../../../msp430/lib/mcpu-430x/mmpy-16/libc.a(memset.o)
                                0x13b (size before relaxing)

.debug_loc      0x00000000     0x1249
 *(.debug_loc)
 .debug_loc     0x00000000       0x78 /usr/local/msp430/bin/../lib/gcc/msp430/4.7.0/../../../../msp430/lib/mcpu-430x/mmpy-16/libc.a(printf.o)
 .debug_loc     0x00000078      0xc38 /usr/local/msp430/bin/../lib/gcc/msp430/4.7.0/../../../../msp430/lib/mcpu-430x/mmpy-16/libc.a(vuprintf.o)
 .debug_loc     0x00000cb0       0x3e /usr/local/msp430/bin/../lib/gcc/msp430/4.7.0/../../../../msp430/lib/mcpu-430x/mmpy-16/libc.a(puts.o)
 .debug_loc     0x00000cee       0x78 /usr/local/msp430/bin/../lib/gcc/msp430/4.7.0/../../../../msp430/lib/mcpu-430x/mmpy-16/libc.a(rand.o)
 .debug_loc     0x00000d66       0x7a /usr/local/msp430/bin/../lib/gcc/msp430/4.7.0/../../../../msp430/lib/mcpu-430x/mmpy-16/libc.a(strncmp.o)
 .debug_loc     0x00000de0       0x6d /usr/local/msp430/bin/../lib/gcc/msp430/4.7.0/../../../../msp430/lib/mcpu-430x/mmpy-16/libc.a(memcmp.o)
 .debug_loc     0x00000e4d      0x2c3 /usr/local/msp430/bin/../lib/gcc/msp430/4.7.0/../../../../msp430/lib/mcpu-430x/mmpy-16/libc.a(memcpy.o)
 .debug_loc     0x00001110      0x139 /usr/local/msp430/bin/../lib/gcc/msp430/4.7.0/../../../../msp430/lib/mcpu-430x/mmpy-16/libc.a(memset.o)

.debug_macinfo
 *(.debug_macinfo)

.debug_pubtypes
 *(.debug_pubtypes)

.debug_ranges   0x00000000       0xd0
 *(.debug_ranges)
 .debug_ranges  0x00000000       0x18 /usr/local/msp430/bin/../lib/gcc/msp430/4.7.0/../../../../msp430/lib/mcpu-430x/mmpy-16/libc.a(printf.o)
 .debug_ranges  0x00000018       0x48 /usr/local/msp430/bin/../lib/gcc/msp430/4.7.0/../../../../msp430/lib/mcpu-430x/mmpy-16/libc.a(vuprintf.o)
 .debug_ranges  0x00000060       0x10 /usr/local/msp430/bin/../lib/gcc/msp430/4.7.0/../../../../msp430/lib/mcpu-430x/mmpy-16/libc.a(puts.o)
 .debug_ranges  0x00000070       0x20 /usr/local/msp430/bin/../lib/gcc/msp430/4.7.0/../../../../msp430/lib/mcpu-430x/mmpy-16/libc.a(rand.o)
 .debug_ranges  0x00000090       0x10 /usr/local/msp430/bin/../lib/gcc/msp430/4.7.0/../../../../msp430/lib/mcpu-430x/mmpy-16/libc.a(strncmp.o)
 .debug_ranges  0x000000a0       0x10 /usr/local/msp430/bin/../lib/gcc/msp430/4.7.0/../../../../msp430/lib/mcpu-430x/mmpy-16/libc.a(memcmp.o)
 .debug_ranges  0x000000b0       0x10 /usr/local/msp430/bin/../lib/gcc/msp430/4.7.0/../../../../msp430/lib/mcpu-430x/mmpy-16/libc.a(memcpy.o)
 .debug_ranges  0x000000c0       0x10 /usr/local/msp430/bin/../lib/gcc/msp430/4.7.0/../../../../msp430/lib/mcpu-430x/mmpy-16/libc.a(memset.o)
                0x00003100                PROVIDE (__stack, (ORIGIN (ram) + 0x2000))
                0x00008ffc                __data_start_rom = _etext
                0x000090aa                __data_end_rom = (_etext + SIZEOF (.data))
OUTPUT(root-sensor-network.z1 elf32-msp430)

.gnu.attributes
                0x00000000       0x10
 .gnu.attributes
                0x00000000       0x10 /usr/local/msp430/bin/../lib/gcc/msp430/4.7.0/mcpu-430x/mmpy-16/crt0ivtbl32.o
 .gnu.attributes
                0x00000010       0x10 root-sensor-network.co
 .gnu.attributes
                0x00000020       0x10 obj_z1/contiki-z1-main.o
 .gnu.attributes
                0x00000030       0x10 contiki-z1.a(rimeaddr.o)
 .gnu.attributes
                0x00000040       0x10 contiki-z1.a(rime.o)
 .gnu.attributes
                0x00000050       0x10 contiki-z1.a(announcement.o)
 .gnu.attributes
                0x00000060       0x10 contiki-z1.a(broadcast-annou)
 .gnu.attributes
                0x00000070       0x10 contiki-z1.a(broadcast.o)
 .gnu.attributes
                0x00000080       0x10 contiki-z1.a(runicast.o)
 .gnu.attributes
                0x00000090       0x10 contiki-z1.a(abc.o)
 .gnu.attributes
                0x000000a0       0x10 contiki-z1.a(chameleon.o)
 .gnu.attributes
                0x000000b0       0x10 contiki-z1.a(channel.o)
 .gnu.attributes
                0x000000c0       0x10 contiki-z1.a(chameleon-bitop)
 .gnu.attributes
                0x000000d0       0x10 contiki-z1.a(csma.o)
 .gnu.attributes
                0x000000e0       0x10 contiki-z1.a(contikimac.o)
 .gnu.attributes
                0x000000f0       0x10 contiki-z1.a(phase.o)
 .gnu.attributes
                0x00000100       0x10 contiki-z1.a(process.o)
 .gnu.attributes
                0x00000110       0x10 contiki-z1.a(autostart.o)
 .gnu.attributes
                0x00000120       0x10 contiki-z1.a(compower.o)
 .gnu.attributes
                0x00000130       0x10 contiki-z1.a(serial-line.o)
 .gnu.attributes
                0x00000140       0x10 contiki-z1.a(memb.o)
 .gnu.attributes
                0x00000150       0x10 contiki-z1.a(timer.o)
 .gnu.attributes
                0x00000160       0x10 contiki-z1.a(list.o)
 .gnu.attributes
                0x00000170       0x10 contiki-z1.a(etimer.o)
 .gnu.attributes
                0x00000180       0x10 contiki-z1.a(ctimer.o)
 .gnu.attributes
                0x00000190       0x10 contiki-z1.a(energest.o)
 .gnu.attributes
                0x000001a0       0x10 contiki-z1.a(rtimer.o)
 .gnu.attributes
                0x000001b0       0x10 contiki-z1.a(random.o)
 .gnu.attributes
                0x000001c0       0x10 contiki-z1.a(ringbuf.o)
 .gnu.attributes
                0x000001d0       0x10 contiki-z1.a(nbr-table.o)
 .gnu.attributes
                0x000001e0       0x10 contiki-z1.a(packetbuf.o)
 .gnu.attributes
                0x000001f0       0x10 contiki-z1.a(queuebuf.o)
 .gnu.attributes
                0x00000200       0x10 contiki-z1.a(contiki-z1-plat)
 .gnu.attributes
                0x00000210       0x10 contiki-z1.a(msp430.o)
 .gnu.attributes
                0x00000220       0x10 contiki-z1.a(leds.o)
 .gnu.attributes
                0x00000230       0x10 contiki-z1.a(watchdog.o)
 .gnu.attributes
                0x00000240       0x10 contiki-z1.a(xmem.o)
 .gnu.attributes
                0x00000250       0x10 contiki-z1.a(spi.o)
 .gnu.attributes
                0x00000260       0x10 contiki-z1.a(cc2420.o)
 .gnu.attributes
                0x00000270       0x10 contiki-z1.a(cc2420-arch.o)
 .gnu.attributes
                0x00000280       0x10 contiki-z1.a(node-id.o)
 .gnu.attributes
                0x00000290       0x10 contiki-z1.a(sensors.o)
 .gnu.attributes
                0x000002a0       0x10 contiki-z1.a(button-sensor.o)
 .gnu.attributes
                0x000002b0       0x10 contiki-z1.a(uart0.o)
 .gnu.attributes
                0x000002c0       0x10 contiki-z1.a(uart0-putchar.o)
 .gnu.attributes
                0x000002d0       0x10 contiki-z1.a(adxl345.o)
 .gnu.attributes
                0x000002e0       0x10 contiki-z1.a(clock.o)
 .gnu.attributes
                0x000002f0       0x10 contiki-z1.a(leds-arch.o)